Component: ARM Compiler 5.06 update 7 (build 960) Tool: armlink [4d3601]

==============================================================================

Section Cross References

    main.o(i.App_HCSR04_Init) refers to stm32f10x_rcc.o(i.RCC_APB2PeriphClockCmd) for RCC_APB2PeriphClockCmd
    main.o(i.App_HCSR04_Init) refers to stm32f10x_tim.o(i.TIM_TimeBaseInit) for TIM_TimeBaseInit
    main.o(i.App_HCSR04_Init) refers to stm32f10x_gpio.o(i.GPIO_Init) for GPIO_Init
    main.o(i.App_HCSR04_Init) refers to stm32f10x_tim.o(i.TIM_ICInit) for TIM_ICInit
    main.o(i.App_USART1_Init) refers to stm32f10x_rcc.o(i.RCC_APB2PeriphClockCmd) for RCC_APB2PeriphClockCmd
    main.o(i.App_USART1_Init) refers to stm32f10x_gpio.o(i.GPIO_Init) for GPIO_Init
    main.o(i.App_USART1_Init) refers to stm32f10x_usart.o(i.USART_Init) for USART_Init
    main.o(i.App_USART1_Init) refers to stm32f10x_usart.o(i.USART_Cmd) for USART_Cmd
    main.o(i.main) refers to delay.o(i.Delay_Init) for Delay_Init
    main.o(i.main) refers to main.o(i.App_USART1_Init) for App_USART1_Init
    main.o(i.main) refers to main.o(i.App_HCSR04_Init) for App_HCSR04_Init
    main.o(i.main) refers to usart.o(i.My_USART_SendString) for My_USART_SendString
    main.o(i.main) refers to stm32f10x_tim.o(i.TIM_SetCounter) for TIM_SetCounter
    main.o(i.main) refers to stm32f10x_tim.o(i.TIM_ClearFlag) for TIM_ClearFlag
    main.o(i.main) refers to stm32f10x_tim.o(i.TIM_Cmd) for TIM_Cmd
    main.o(i.main) refers to stm32f10x_gpio.o(i.GPIO_WriteBit) for GPIO_WriteBit
    main.o(i.main) refers to delay.o(i.Delay) for Delay
    main.o(i.main) refers to stm32f10x_tim.o(i.TIM_GetFlagStatus) for TIM_GetFlagStatus
    main.o(i.main) refers to stm32f10x_tim.o(i.TIM_GetCapture1) for TIM_GetCapture1
    main.o(i.main) refers to stm32f10x_tim.o(i.TIM_GetCapture2) for TIM_GetCapture2
    main.o(i.main) refers to fflti.o(.text) for __aeabi_i2f
    main.o(i.main) refers to fmul.o(.text) for __aeabi_fmul
    main.o(i.main) refers to fdiv.o(.text) for __aeabi_fdiv
    main.o(i.main) refers to f2d.o(.text) for __aeabi_f2d
    main.o(i.main) refers to usart.o(i.My_USART_Printf) for My_USART_Printf
    system_stm32f10x.o(i.SetSysClock) refers to system_stm32f10x.o(i.SetSysClockTo72) for SetSysClockTo72
    system_stm32f10x.o(i.SystemCoreClockUpdate) refers to system_stm32f10x.o(.data) for SystemCoreClock
    system_stm32f10x.o(i.SystemInit) refers to system_stm32f10x.o(i.SetSysClock) for SetSysClock
    stm32f10x_it.o(i.SysTick_Handler) refers to delay.o(.data) for ulTicks
    startup_stm32f10x_md.o(RESET) refers to startup_stm32f10x_md.o(STACK) for __initial_sp
    startup_stm32f10x_md.o(RESET) refers to startup_stm32f10x_md.o(.text) for Reset_Handler
    startup_stm32f10x_md.o(RESET) refers to stm32f10x_it.o(i.NMI_Handler) for NMI_Handler
    startup_stm32f10x_md.o(RESET) refers to stm32f10x_it.o(i.HardFault_Handler) for HardFault_Handler
    startup_stm32f10x_md.o(RESET) refers to stm32f10x_it.o(i.MemManage_Handler) for MemManage_Handler
    startup_stm32f10x_md.o(RESET) refers to stm32f10x_it.o(i.BusFault_Handler) for BusFault_Handler
    startup_stm32f10x_md.o(RESET) refers to stm32f10x_it.o(i.UsageFault_Handler) for UsageFault_Handler
    startup_stm32f10x_md.o(RESET) refers to stm32f10x_it.o(i.SVC_Handler) for SVC_Handler
    startup_stm32f10x_md.o(RESET) refers to stm32f10x_it.o(i.DebugMon_Handler) for DebugMon_Handler
    startup_stm32f10x_md.o(RESET) refers to stm32f10x_it.o(i.PendSV_Handler) for PendSV_Handler
    startup_stm32f10x_md.o(RESET) refers to stm32f10x_it.o(i.SysTick_Handler) for SysTick_Handler
    startup_stm32f10x_md.o(.text) refers to system_stm32f10x.o(i.SystemInit) for SystemInit
    startup_stm32f10x_md.o(.text) refers to entry.o(.ARM.Collect$$$$00000000) for __main
    stm32f10x_adc.o(i.ADC_DeInit) refers to stm32f10x_rcc.o(i.RCC_APB2PeriphResetCmd) for RCC_APB2PeriphResetCmd
    stm32f10x_bkp.o(i.BKP_DeInit) refers to stm32f10x_rcc.o(i.RCC_BackupResetCmd) for RCC_BackupResetCmd
    stm32f10x_can.o(i.CAN_DeInit) refers to stm32f10x_rcc.o(i.RCC_APB1PeriphResetCmd) for RCC_APB1PeriphResetCmd
    stm32f10x_can.o(i.CAN_GetITStatus) refers to stm32f10x_can.o(i.CheckITStatus) for CheckITStatus
    stm32f10x_cec.o(i.CEC_DeInit) refers to stm32f10x_rcc.o(i.RCC_APB1PeriphResetCmd) for RCC_APB1PeriphResetCmd
    stm32f10x_dac.o(i.DAC_DeInit) refers to stm32f10x_rcc.o(i.RCC_APB1PeriphResetCmd) for RCC_APB1PeriphResetCmd
    stm32f10x_flash.o(i.FLASH_EnableWriteProtection) refers to stm32f10x_flash.o(i.FLASH_WaitForLastOperation) for FLASH_WaitForLastOperation
    stm32f10x_flash.o(i.FLASH_EraseAllBank1Pages) refers to stm32f10x_flash.o(i.FLASH_WaitForLastBank1Operation) for FLASH_WaitForLastBank1Operation
    stm32f10x_flash.o(i.FLASH_EraseAllPages) refers to stm32f10x_flash.o(i.FLASH_WaitForLastOperation) for FLASH_WaitForLastOperation
[...]
    stm32f10x_tim.o(i.TIM_PWMIConfig) refers to stm32f10x_tim.o(i.TI2_Config) for TI2_Config
    stm32f10x_tim.o(i.TIM_PWMIConfig) refers to stm32f10x_tim.o(i.TIM_SetIC2Prescaler) for TIM_SetIC2Prescaler
    stm32f10x_tim.o(i.TIM_TIxExternalClockConfig) refers to stm32f10x_tim.o(i.TI2_Config) for TI2_Config
    stm32f10x_tim.o(i.TIM_TIxExternalClockConfig) refers to stm32f10x_tim.o(i.TI1_Config) for TI1_Config
    stm32f10x_tim.o(i.TIM_TIxExternalClockConfig) refers to stm32f10x_tim.o(i.TIM_SelectInputTrigger) for TIM_SelectInputTrigger
    stm32f10x_usart.o(i.USART_DeInit) refers to stm32f10x_rcc.o(i.RCC_APB2PeriphResetCmd) for RCC_APB2PeriphResetCmd
    stm32f10x_usart.o(i.USART_DeInit) refers to stm32f10x_rcc.o(i.RCC_APB1PeriphResetCmd) for RCC_APB1PeriphResetCmd
    stm32f10x_usart.o(i.USART_Init) refers to stm32f10x_rcc.o(i.RCC_GetClocksFreq) for RCC_GetClocksFreq
    stm32f10x_wwdg.o(i.WWDG_DeInit) refers to stm32f10x_rcc.o(i.RCC_APB1PeriphResetCmd) for RCC_APB1PeriphResetCmd
    delay.o(i.Delay) refers to delay.o(.data) for ulTicks
    delay.o(i.Delay_Init) refers to memseta.o(.text) for __aeabi_memclr4
    delay.o(i.Delay_Init) refers to stm32f10x_rcc.o(i.RCC_GetClocksFreq) for RCC_GetClocksFreq
    delay.o(i.Delay_Init) refers to delay.o(.data) for ulTicks
    delay.o(i.GetTick) refers to delay.o(.data) for ulTicks
    usart.o(i.My_USART_Printf) refers to printfa.o(i.__0vsprintf) for vsprintf
    usart.o(i.My_USART_Printf) refers to usart.o(i.My_USART_SendString) for My_USART_SendString
    usart.o(i.My_USART_ReceiveByte) refers to stm32f10x_usart.o(i.USART_GetFlagStatus) for USART_GetFlagStatus
    usart.o(i.My_USART_ReceiveByte) refers to stm32f10x_usart.o(i.USART_ReceiveData) for USART_ReceiveData
    usart.o(i.My_USART_ReceiveBytes) refers to delay.o(i.Delay_Init) for Delay_Init
    usart.o(i.My_USART_ReceiveBytes) refers to delay.o(i.GetTick) for GetTick
    usart.o(i.My_USART_ReceiveBytes) refers to stm32f10x_usart.o(i.USART_GetFlagStatus) for USART_GetFlagStatus
    usart.o(i.My_USART_ReceiveBytes) refers to stm32f10x_usart.o(i.USART_ReceiveData) for USART_ReceiveData
    usart.o(i.My_USART_ReceiveLine) refers to delay.o(i.Delay_Init) for Delay_Init
    usart.o(i.My_USART_ReceiveLine) refers to delay.o(i.GetTick) for GetTick
    usart.o(i.My_USART_ReceiveLine) refers to stm32f10x_usart.o(i.USART_GetFlagStatus) for USART_GetFlagStatus
    usart.o(i.My_USART_ReceiveLine) refers to stm32f10x_usart.o(i.USART_ReceiveData) for USART_ReceiveData
    usart.o(i.My_USART_SendByte) refers to usart.o(i.My_USART_SendBytes) for My_USART_SendBytes
    usart.o(i.My_USART_SendBytes) refers to stm32f10x_usart.o(i.USART_GetFlagStatus) for USART_GetFlagStatus
    usart.o(i.My_USART_SendBytes) refers to stm32f10x_usart.o(i.USART_SendData) for USART_SendData
    usart.o(i.My_USART_SendChar) refers to usart.o(i.My_USART_SendBytes) for My_USART_SendBytes
    usart.o(i.My_USART_SendString) refers to strlen.o(.text) for strlen
    usart.o(i.My_USART_SendString) refers to usart.o(i.My_USART_SendBytes) for My_USART_SendBytes
    entry.o(.ARM.Collect$$$$00000000) refers (Special) to entry10a.o(.ARM.Collect$$$$0000000F) for __rt_final_cpp
    entry.o(.ARM.Collect$$$$00000000) refers (Special) to entry11a.o(.ARM.Collect$$$$00000011) for __rt_final_exit
    entry.o(.ARM.Collect$$$$00000000) refers (Special) to entry12b.o(.ARM.Collect$$$$0000000E) for __rt_lib_shutdown_fini
    entry.o(.ARM.Collect$$$$00000000) refers (Special) to entry7b.o(.ARM.Collect$$$$00000008) for _main_clock
    entry.o(.ARM.Collect$$$$00000000) refers (Special) to entry8b.o(.ARM.Collect$$$$0000000A) for _main_cpp_init
    entry.o(.ARM.Collect$$$$00000000) refers (Special) to entry9a.o(.ARM.Collect$$$$0000000B) for _main_init
    entry.o(.ARM.Collect$$$$00000000) refers (Special) to entry5.o(.ARM.Collect$$$$00000004) for _main_scatterload
    entry.o(.ARM.Collect$$$$00000000) refers (Special) to entry2.o(.ARM.Collect$$$$00000001) for _main_stk
    printfa.o(i.__0fprintf) refers (Special) to iusefp.o(.text) for __I$use$fp
    printfa.o(i.__0fprintf) refers to printfa.o(i._printf_core) for _printf_core
    printfa.o(i.__0fprintf) refers to fputc.o(i.fputc) for fputc
    printfa.o(i.__0printf) refers (Special) to iusefp.o(.text) for __I$use$fp
    printfa.o(i.__0printf) refers to printfa.o(i._printf_core) for _printf_core
    printfa.o(i.__0printf) refers to fputc.o(i.fputc) for fputc
    printfa.o(i.__0printf) refers to stdout.o(.data) for __stdout
    printfa.o(i.__0snprintf) refers (Special) to iusefp.o(.text) for __I$use$fp
    printfa.o(i.__0snprintf) refers to printfa.o(i._printf_core) for _printf_core
    printfa.o(i.__0snprintf) refers to printfa.o(i._snputc) for _snputc
    printfa.o(i.__0sprintf) refers (Special) to iusefp.o(.text) for __I$use$fp
    printfa.o(i.__0sprintf) refers to printfa.o(i._printf_core) for _printf_core
    printfa.o(i.__0sprintf) refers to printfa.o(i._sputc) for _sputc
    printfa.o(i.__0vfprintf) refers (Special) to iusefp.o(.text) for __I$use$fp
    printfa.o(i.__0vfprintf) refers to printfa.o(i._printf_core) for _printf_core
    printfa.o(i.__0vfprintf) refers to fputc.o(i.fputc) for fputc
    printfa.o(i.__0vprintf) refers (Special) to iusefp.o(.text) for __I$use$fp
    printfa.o(i.__0vprintf) refers to printfa.o(i._printf_core) for _printf_core
    printfa.o(i.__0vprintf) refers to fputc.o(i.fputc) for fputc
    printfa.o(i.__0vprintf) refers to stdout.o(.data) for __stdout
    printfa.o(i.__0vsnprintf) refers (Special) to iusefp.o(.text) for __I$use$fp
    printfa.o(i.__0vsnprintf) refers to printfa.o(i._printf_core) for _printf_core
    printfa.o(i.__0vsnprintf) refers to printfa.o(i._snputc) for _snputc
    printfa.o(i.__0vsprintf) refers (Special) to iusefp.o(.text) for __I$use$fp
    printfa.o(i.__0vsprintf) refers to printfa.o(i._printf_core) for _printf_core
    printfa.o(i.__0vsprintf) refers to printfa.o(i._sputc) for _sputc
    printfa.o(i._fp_digits) refers (Special) to iusefp.o(.text) for __I$use$fp
    printfa.o(i._fp_digits) refers to dmul.o(.text) for __aeabi_dmul
    printfa.o(i._fp_digits) refers to ddiv.o(.text) for __aeabi_ddiv
    printfa.o(i._fp_digits) refers to cdrcmple.o(.text) for __aeabi_cdrcmple
    printfa.o(i._fp_digits) refers to dadd.o(.text) for __aeabi_dadd
    printfa.o(i._fp_digits) refers to dfixul.o(.text) for __aeabi_d2ulz
    printfa.o(i._fp_digits) refers to uldiv.o(.text) for __aeabi_uldivmod
    printfa.o(i._printf_core) refers (Special) to iusefp.o(.text) for __I$use$fp
    printfa.o(i._printf_core) refers to printfa.o(i._printf_pre_padding) for _printf_pre_padding
    printfa.o(i._printf_core) refers to uldiv.o(.text) for __aeabi_uldivmod
    printfa.o(i._printf_core) refers to printfa.o(i._printf_post_padding) for _printf_post_padding
    printfa.o(i._printf_core) refers to printfa.o(i._fp_digits) for _fp_digits
    printfa.o(i._printf_core) refers to uidiv.o(.text) for __aeabi_uidivmod
    printfa.o(i._printf_post_padding) refers (Special) to iusefp.o(.text) for __I$use$fp
    printfa.o(i._printf_pre_padding) refers (Special) to iusefp.o(.text) for __I$use$fp
    printfa.o(i._snputc) refers (Special) to iusefp.o(.text) for __I$use$fp
    printfa.o(i._sputc) refers (Special) to iusefp.o(.text) for __I$use$fp
    fmul.o(.text) refers (Special) to iusefp.o(.text) for __I$use$fp
    fdiv.o(.text) refers (Special) to iusefp.o(.text) for __I$use$fp
    fdiv.o(.text) refers to fepilogue.o(.text) for _float_round
    fflti.o(.text) refers (Special) to iusefp.o(.text) for __I$use$fp
    fflti.o(.text) refers to fepilogue.o(.text) for _float_epilogue
    f2d.o(.text) refers (Special) to iusefp.o(.text) for __I$use$fp
    entry2.o(.ARM.Collect$$$$00000001) refers to entry2.o(.ARM.Collect$$$$00002712) for __lit__00000000
    entry2.o(.ARM.Collect$$$$00002712) refers to startup_stm32f10x_md.o(STACK) for __initial_sp
    entry2.o(__vectab_stack_and_reset_area) refers to startup_stm32f10x_md.o(STACK) for __initial_sp
    entry2.o(__vectab_stack_and_reset_area) refers to entry.o(.ARM.Collect$$$$00000000) for __main
    entry5.o(.ARM.Collect$$$$00000004) refers to init.o(.text) for __scatterload
    entry9a.o(.ARM.Collect$$$$0000000B) refers to main.o(i.main) for main
    entry9b.o(.ARM.Collect$$$$0000000C) refers to main.o(i.main) for main
    fputc.o(i.fputc) refers (Special) to iusesemip.o(.text) for __I$use$semihosting$fputc
    fputc.o(i.fputc) refers (Special) to semi.o(.text) for __semihosting_library_function
    uldiv.o(.text) refers to llushr.o(.text) for __aeabi_llsr
    uldiv.o(.text) refers to llshl.o(.text) for __aeabi_llsl
    dadd.o(.text) refers to llshl.o(.text) for __aeabi_llsl
    dadd.o(.text) refers to llsshr.o(.text) for __aeabi_lasr
    dadd.o(.text) refers to depilogue.o(.text) for _double_epilogue
    dmul.o(.text) refers to depilogue.o(.text) for _double_epilogue
    ddiv.o(.text) refers to depilogue.o(.text) for _double_round
    dfixul.o(.text) refers to llushr.o(.text) for __aeabi_llsr
    dfixul.o(.text) refers to llshl.o(.text) for __aeabi_llsl
    init.o(.text) refers to entry5.o(.ARM.Collect$$$$00000004) for __main_after_scatterload
    depilogue.o(.text) refers to llshl.o(.text) for __aeabi_llsl
    depilogue.o(.text) refers to llushr.o(.text) for __aeabi_llsr


==============================================================================

Removing Unused input sections from the image.

    Removing main.o(.rev16_text), (4 bytes).
    Removing main.o(.revsh_text), (4 bytes).
    Removing main.o(.rrx_text), (6 bytes).
    Removing system_stm32f10x.o(.rev16_text), (4 bytes).
    Removing system_stm32f10x.o(.revsh_text), (4 bytes).
    Removing system_stm32f10x.o(.rrx_text), (6 bytes).
    Removing system_stm32f10x.o(i.SystemCoreClockUpdate), (164 bytes).
    Removing system_stm32f10x.o(.data), (20 bytes).
    Removing stm32f10x_it.o(.rev16_text), (4 bytes).
    Removing stm32f10x_it.o(.revsh_text), (4 bytes).
    Removing stm32f10x_it.o(.rrx_text), (6 bytes).
    Removing startup_stm32f10x_md.o(HEAP), (4096 bytes).
    Removing misc.o(.rev16_text), (4 bytes).
    Removing misc.o(.revsh_text), (4 bytes).
    Removing misc.o(.rrx_text), (6 bytes).
    Removing misc.o(i.NVIC_Init), (112 bytes).
    Removing misc.o(i.NVIC_PriorityGroupConfig), (20 bytes).
    Removing misc.o(i.NVIC_SetVectorTable), (20 bytes).
    Removing misc.o(i.NVIC_SystemLPConfig), (32 bytes).
    Removing misc.o(i.SysTick_CLKSourceConfig), (40 bytes).
    Removing stm32f10x_adc.o(.rev16_text), (4 bytes).
    Removing stm32f10x_adc.o(.revsh_text), (4 bytes).
    Removing stm32f10x_adc.o(.rrx_text), (6 bytes).
    Removing stm32f10x_adc.o(i.ADC_AnalogWatchdogCmd), (20 bytes).
    Removing stm32f10x_adc.o(i.ADC_AnalogWatchdogSingleChannelConfig), (16 bytes).
    Removing stm32f10x_adc.o(i.ADC_AnalogWatchdogThresholdsConfig), (6 bytes).
    Removing stm32f10x_adc.o(i.ADC_AutoInjectedConvCmd), (22 bytes).
    Removing stm32f10x_adc.o(i.ADC_ClearFlag), (6 bytes).
    Removing stm32f10x_adc.o(i.ADC_ClearITPendingBit), (10 bytes).
    Removing stm32f10x_adc.o(i.ADC_Cmd), (22 bytes).
    Removing stm32f10x_adc.o(i.ADC_DMACmd), (22 bytes).
    Removing stm32f10x_adc.o(i.ADC_DeInit), (92 bytes).
    Removing stm32f10x_adc.o(i.ADC_DiscModeChannelCountConfig), (24 bytes).
    Removing stm32f10x_adc.o(i.ADC_DiscModeCmd), (22 bytes).
    Removing stm32f10x_adc.o(i.ADC_ExternalTrigConvCmd), (22 bytes).
    Removing stm32f10x_adc.o(i.ADC_ExternalTrigInjectedConvCmd), (22 bytes).
    Removing stm32f10x_adc.o(i.ADC_ExternalTrigInjectedConvConfig), (16 bytes).
    Removing stm32f10x_adc.o(i.ADC_GetCalibrationStatus), (20 bytes).
    Removing stm32f10x_adc.o(i.ADC_GetConversionValue), (8 bytes).
    Removing stm32f10x_adc.o(i.ADC_GetDualModeConversionValue), (12 bytes).
    Removing stm32f10x_adc.o(i.ADC_GetFlagStatus), (18 bytes).
    Removing stm32f10x_adc.o(i.ADC_GetITStatus), (36 bytes).
    Removing stm32f10x_adc.o(i.ADC_GetInjectedConversionValue), (28 bytes).
    Removing stm32f10x_adc.o(i.ADC_GetResetCalibrationStatus), (20 bytes).
    Removing stm32f10x_adc.o(i.ADC_GetSoftwareStartConvStatus), (20 bytes).
    Removing stm32f10x_adc.o(i.ADC_GetSoftwareStartInjectedConvCmdStatus), (20 bytes).
    Removing stm32f10x_adc.o(i.ADC_ITConfig), (24 bytes).
    Removing stm32f10x_adc.o(i.ADC_Init), (80 bytes).
    Removing stm32f10x_adc.o(i.ADC_InjectedChannelConfig), (130 bytes).
    Removing stm32f10x_adc.o(i.ADC_InjectedDiscModeCmd), (22 bytes).
    Removing stm32f10x_adc.o(i.ADC_InjectedSequencerLengthConfig), (24 bytes).
    Removing stm32f10x_adc.o(i.ADC_RegularChannelConfig), (184 bytes).
    Removing stm32f10x_adc.o(i.ADC_ResetCalibration), (10 bytes).
    Removing stm32f10x_adc.o(i.ADC_SetInjectedOffset), (20 bytes).
    Removing stm32f10x_adc.o(i.ADC_SoftwareStartConvCmd), (22 bytes).
    Removing stm32f10x_adc.o(i.ADC_SoftwareStartInjectedConvCmd), (22 bytes).
    Removing stm32f10x_adc.o(i.ADC_StartCalibration), (10 bytes).
    Removing stm32f10x_adc.o(i.ADC_StructInit), (18 bytes).
    Removing stm32f10x_adc.o(i.ADC_TempSensorVrefintCmd), (36 bytes).
    Removing stm32f10x_bkp.o(.rev16_text), (4 bytes).
    Removing stm32f10x_bkp.o(.revsh_text), (4 bytes).
    Removing stm32f10x_bkp.o(.rrx_text), (6 bytes).
    Removing stm32f10x_bkp.o(i.BKP_ClearFlag), (20 bytes).
    Removing stm32f10x_bkp.o(i.BKP_ClearITPendingBit), (20 bytes).
    Removing stm32f10x_bkp.o(i.BKP_DeInit), (16 bytes).
    Removing stm32f10x_bkp.o(i.BKP_GetFlagStatus), (12 bytes).
    Removing stm32f10x_bkp.o(i.BKP_GetITStatus), (12 bytes).
    Removing stm32f10x_bkp.o(i.BKP_ITConfig), (12 bytes).
    Removing stm32f10x_bkp.o(i.BKP_RTCOutputConfig), (28 bytes).
    Removing stm32f10x_bkp.o(i.BKP_ReadBackupRegister), (28 bytes).
    Removing stm32f10x_bkp.o(i.BKP_SetRTCCalibrationValue), (28 bytes).
    Removing stm32f10x_bkp.o(i.BKP_TamperPinCmd), (12 bytes).
    Removing stm32f10x_bkp.o(i.BKP_TamperPinLevelConfig), (12 bytes).
    Removing stm32f10x_bkp.o(i.BKP_WriteBackupRegister), (28 bytes).
    Removing stm32f10x_can.o(.rev16_text), (4 bytes).
    Removing stm32f10x_can.o(.revsh_text), (4 bytes).
    Removing stm32f10x_can.o(.rrx_text), (6 bytes).
    Removing stm32f10x_can.o(i.CAN_CancelTransmit), (48 bytes).
    Removing stm32f10x_can.o(i.CAN_ClearFlag), (56 bytes).
    Removing stm32f10x_can.o(i.CAN_ClearITPendingBit), (168 bytes).
    Removing stm32f10x_can.o(i.CAN_DBGFreeze), (22 bytes).
    Removing stm32f10x_can.o(i.CAN_DeInit), (56 bytes).
    Removing stm32f10x_can.o(i.CAN_FIFORelease), (22 bytes).
    Removing stm32f10x_can.o(i.CAN_FilterInit), (264 bytes).
    Removing stm32f10x_can.o(i.CAN_GetFlagStatus), (120 bytes).
    Removing stm32f10x_can.o(i.CAN_GetITStatus), (288 bytes).
    Removing stm32f10x_can.o(i.CAN_GetLSBTransmitErrorCounter), (12 bytes).
    Removing stm32f10x_can.o(i.CAN_GetLastErrorCode), (12 bytes).
    Removing stm32f10x_can.o(i.CAN_GetReceiveErrorCounter), (10 bytes).
    Removing stm32f10x_can.o(i.CAN_ITConfig), (18 bytes).
    Removing stm32f10x_can.o(i.CAN_Init), (276 bytes).
    Removing stm32f10x_can.o(i.CAN_MessagePending), (30 bytes).
    Removing stm32f10x_can.o(i.CAN_OperatingModeRequest), (162 bytes).
    Removing stm32f10x_can.o(i.CAN_Receive), (240 bytes).
    Removing stm32f10x_can.o(i.CAN_SlaveStartBank), (52 bytes).
    Removing stm32f10x_can.o(i.CAN_Sleep), (30 bytes).
    Removing stm32f10x_can.o(i.CAN_StructInit), (32 bytes).
    Removing stm32f10x_can.o(i.CAN_TTComModeCmd), (118 bytes).
    Removing stm32f10x_can.o(i.CAN_Transmit), (294 bytes).
    Removing stm32f10x_can.o(i.CAN_TransmitStatus), (160 bytes).
    Removing stm32f10x_can.o(i.CAN_WakeUp), (48 bytes).
    Removing stm32f10x_can.o(i.CheckITStatus), (18 bytes).
    Removing stm32f10x_cec.o(.rev16_text), (4 bytes).
    Removing stm32f10x_cec.o(.revsh_text), (4 bytes).
    Removing stm32f10x_cec.o(.rrx_text), (6 bytes).
    Removing stm32f10x_cec.o(i.CEC_ClearFlag), (36 bytes).
    Removing stm32f10x_cec.o(i.CEC_ClearITPendingBit), (36 bytes).
    Removing stm32f10x_cec.o(i.CEC_Cmd), (32 bytes).
    Removing stm32f10x_cec.o(i.CEC_DeInit), (22 bytes).
    Removing stm32f10x_cec.o(i.CEC_EndOfMessageCmd), (12 bytes).
    Removing stm32f10x_cec.o(i.CEC_GetFlagStatus), (48 bytes).
    Removing stm32f10x_cec.o(i.CEC_GetITStatus), (40 bytes).
    Removing stm32f10x_cec.o(i.CEC_ITConfig), (12 bytes).
    Removing stm32f10x_cec.o(i.CEC_Init), (32 bytes).
    Removing stm32f10x_cec.o(i.CEC_OwnAddressConfig), (12 bytes).
    Removing stm32f10x_cec.o(i.CEC_ReceiveDataByte), (12 bytes).
    Removing stm32f10x_cec.o(i.CEC_SendDataByte), (12 bytes).
    Removing stm32f10x_cec.o(i.CEC_SetPrescaler), (12 bytes).
    Removing stm32f10x_cec.o(i.CEC_StartOfMessage), (12 bytes).
    Removing stm32f10x_crc.o(.rev16_text), (4 bytes).
    Removing stm32f10x_crc.o(.revsh_text), (4 bytes).
    Removing stm32f10x_crc.o(.rrx_text), (6 bytes).
    Removing stm32f10x_crc.o(i.CRC_CalcBlockCRC), (36 bytes).
    Removing stm32f10x_crc.o(i.CRC_CalcCRC), (16 bytes).
    Removing stm32f10x_crc.o(i.CRC_GetCRC), (12 bytes).
    Removing stm32f10x_crc.o(i.CRC_GetIDRegister), (12 bytes).
    Removing stm32f10x_crc.o(i.CRC_ResetDR), (12 bytes).
    Removing stm32f10x_crc.o(i.CRC_SetIDRegister), (12 bytes).
    Removing stm32f10x_dac.o(.rev16_text), (4 bytes).
    Removing stm32f10x_dac.o(.revsh_text), (4 bytes).
    Removing stm32f10x_dac.o(.rrx_text), (6 bytes).
    Removing stm32f10x_dac.o(i.DAC_Cmd), (40 bytes).
    Removing stm32f10x_dac.o(i.DAC_DMACmd), (44 bytes).
    Removing stm32f10x_dac.o(i.DAC_DeInit), (22 bytes).
    Removing stm32f10x_dac.o(i.DAC_DualSoftwareTriggerCmd), (36 bytes).
    Removing stm32f10x_dac.o(i.DAC_GetDataOutputValue), (36 bytes).
    Removing stm32f10x_dac.o(i.DAC_Init), (52 bytes).
    Removing stm32f10x_dac.o(i.DAC_SetChannel1Data), (32 bytes).
    Removing stm32f10x_dac.o(i.DAC_SetChannel2Data), (32 bytes).
    Removing stm32f10x_dac.o(i.DAC_SetDualChannelData), (36 bytes).
    Removing stm32f10x_dac.o(i.DAC_SoftwareTriggerCmd), (44 bytes).
    Removing stm32f10x_dac.o(i.DAC_StructInit), (12 bytes).
    Removing stm32f10x_dac.o(i.DAC_WaveGenerationCmd), (40 bytes).
    Removing stm32f10x_dbgmcu.o(.rev16_text), (4 bytes).
    Removing stm32f10x_dbgmcu.o(.revsh_text), (4 bytes).
    Removing stm32f10x_dbgmcu.o(.rrx_text), (6 bytes).
    Removing stm32f10x_dbgmcu.o(i.DBGMCU_Config), (32 bytes).
    Removing stm32f10x_dbgmcu.o(i.DBGMCU_GetDEVID), (16 bytes).
    Removing stm32f10x_dbgmcu.o(i.DBGMCU_GetREVID), (12 bytes).
    Removing stm32f10x_dma.o(.rev16_text), (4 bytes).
    Removing stm32f10x_dma.o(.revsh_text), (4 bytes).
    Removing stm32f10x_dma.o(.rrx_text), (6 bytes).
    Removing stm32f10x_dma.o(i.DMA_ClearFlag), (28 bytes).
    Removing stm32f10x_dma.o(i.DMA_ClearITPendingBit), (28 bytes).
    Removing stm32f10x_dma.o(i.DMA_Cmd), (24 bytes).
    Removing stm32f10x_dma.o(i.DMA_DeInit), (332 bytes).
    Removing stm32f10x_dma.o(i.DMA_GetCurrDataCounter), (8 bytes).
    Removing stm32f10x_dma.o(i.DMA_GetFlagStatus), (44 bytes).
    Removing stm32f10x_dma.o(i.DMA_GetITStatus), (44 bytes).
    Removing stm32f10x_dma.o(i.DMA_ITConfig), (18 bytes).
    Removing stm32f10x_dma.o(i.DMA_Init), (60 bytes).
    Removing stm32f10x_dma.o(i.DMA_SetCurrDataCounter), (4 bytes).
    Removing stm32f10x_dma.o(i.DMA_StructInit), (26 bytes).
    Removing stm32f10x_exti.o(.rev16_text), (4 bytes).
    Removing stm32f10x_exti.o(.revsh_text), (4 bytes).
    Removing stm32f10x_exti.o(.rrx_text), (6 bytes).
    Removing stm32f10x_exti.o(i.EXTI_ClearFlag), (12 bytes).
    Removing stm32f10x_exti.o(i.EXTI_ClearITPendingBit), (12 bytes).
    Removing stm32f10x_exti.o(i.EXTI_DeInit), (36 bytes).
    Removing stm32f10x_exti.o(i.EXTI_GenerateSWInterrupt), (16 bytes).
    Removing stm32f10x_exti.o(i.EXTI_GetFlagStatus), (24 bytes).
    Removing stm32f10x_exti.o(i.EXTI_GetITStatus), (40 bytes).
    Removing stm32f10x_exti.o(i.EXTI_Init), (148 bytes).
    Removing stm32f10x_exti.o(i.EXTI_StructInit), (16 bytes).
    Removing stm32f10x_flash.o(.rev16_text), (4 bytes).
    Removing stm32f10x_flash.o(.revsh_text), (4 bytes).
    Removing stm32f10x_flash.o(.rrx_text), (6 bytes).
    Removing stm32f10x_flash.o(i.FLASH_ClearFlag), (12 bytes).
    Removing stm32f10x_flash.o(i.FLASH_EnableWriteProtection), (196 bytes).
    Removing stm32f10x_flash.o(i.FLASH_EraseAllBank1Pages), (72 bytes).
    Removing stm32f10x_flash.o(i.FLASH_EraseAllPages), (72 bytes).
    Removing stm32f10x_flash.o(i.FLASH_EraseOptionBytes), (168 bytes).
    Removing stm32f10x_flash.o(i.FLASH_ErasePage), (76 bytes).
    Removing stm32f10x_flash.o(i.FLASH_GetBank1Status), (52 bytes).
    Removing stm32f10x_flash.o(i.FLASH_GetFlagStatus), (48 bytes).
    Removing stm32f10x_flash.o(i.FLASH_GetPrefetchBufferStatus), (24 bytes).
    Removing stm32f10x_flash.o(i.FLASH_GetReadOutProtectionStatus), (24 bytes).
    Removing stm32f10x_flash.o(i.FLASH_GetStatus), (52 bytes).
    Removing stm32f10x_flash.o(i.FLASH_GetUserOptionByte), (12 bytes).
    Removing stm32f10x_flash.o(i.FLASH_GetWriteProtectionOptionByte), (12 bytes).
    Removing stm32f10x_flash.o(i.FLASH_HalfCycleAccessCmd), (28 bytes).
    Removing stm32f10x_flash.o(i.FLASH_ITConfig), (32 bytes).
    Removing stm32f10x_flash.o(i.FLASH_Lock), (20 bytes).
    Removing stm32f10x_flash.o(i.FLASH_LockBank1), (20 bytes).
    Removing stm32f10x_flash.o(i.FLASH_PrefetchBufferCmd), (28 bytes).
    Removing stm32f10x_flash.o(i.FLASH_ProgramHalfWord), (64 bytes).
    Removing stm32f10x_flash.o(i.FLASH_ProgramOptionByteData), (84 bytes).
    Removing stm32f10x_flash.o(i.FLASH_ProgramWord), (108 bytes).
    Removing stm32f10x_flash.o(i.FLASH_ReadOutProtection), (172 bytes).
    Removing stm32f10x_flash.o(i.FLASH_SetLatency), (24 bytes).
    Removing stm32f10x_flash.o(i.FLASH_Unlock), (24 bytes).
    Removing stm32f10x_flash.o(i.FLASH_UnlockBank1), (24 bytes).
    Removing stm32f10x_flash.o(i.FLASH_UserOptionByteConfig), (104 bytes).
    Removing stm32f10x_flash.o(i.FLASH_WaitForLastBank1Operation), (38 bytes).
    Removing stm32f10x_flash.o(i.FLASH_WaitForLastOperation), (38 bytes).
    Removing stm32f10x_fsmc.o(.rev16_text), (4 bytes).
    Removing stm32f10x_fsmc.o(.revsh_text), (4 bytes).
    Removing stm32f10x_fsmc.o(.rrx_text), (6 bytes).
    Removing stm32f10x_fsmc.o(i.FSMC_ClearFlag), (64 bytes).
    Removing stm32f10x_fsmc.o(i.FSMC_ClearITPendingBit), (72 bytes).
    Removing stm32f10x_fsmc.o(i.FSMC_GetECC), (28 bytes).
    Removing stm32f10x_fsmc.o(i.FSMC_GetFlagStatus), (56 bytes).
    Removing stm32f10x_fsmc.o(i.FSMC_GetITStatus), (68 bytes).
    Removing stm32f10x_fsmc.o(i.FSMC_ITConfig), (128 bytes).
    Removing stm32f10x_fsmc.o(i.FSMC_NANDCmd), (92 bytes).
    Removing stm32f10x_fsmc.o(i.FSMC_NANDDeInit), (68 bytes).
    Removing stm32f10x_fsmc.o(i.FSMC_NANDECCCmd), (92 bytes).
    Removing stm32f10x_fsmc.o(i.FSMC_NANDInit), (136 bytes).
    Removing stm32f10x_fsmc.o(i.FSMC_NANDStructInit), (54 bytes).
    Removing stm32f10x_fsmc.o(i.FSMC_NORSRAMCmd), (52 bytes).
    Removing stm32f10x_fsmc.o(i.FSMC_NORSRAMDeInit), (54 bytes).
    Removing stm32f10x_fsmc.o(i.FSMC_NORSRAMInit), (230 bytes).
    Removing stm32f10x_fsmc.o(i.FSMC_NORSRAMStructInit), (114 bytes).
    Removing stm32f10x_fsmc.o(i.FSMC_PCCARDCmd), (48 bytes).
    Removing stm32f10x_fsmc.o(i.FSMC_PCCARDDeInit), (40 bytes).
    Removing stm32f10x_fsmc.o(i.FSMC_PCCARDInit), (132 bytes).
    Removing stm32f10x_fsmc.o(i.FSMC_PCCARDStructInit), (60 bytes).
    Removing stm32f10x_gpio.o(.rev16_text), (4 bytes).
    Removing stm32f10x_gpio.o(.revsh_text), (4 bytes).
    Removing stm32f10x_gpio.o(.rrx_text), (6 bytes).
    Removing stm32f10x_gpio.o(i.GPIO_AFIODeInit), (20 bytes).
    Removing stm32f10x_gpio.o(i.GPIO_DeInit), (200 bytes).
    Removing stm32f10x_gpio.o(i.GPIO_ETH_MediaInterfaceConfig), (12 bytes).
    Removing stm32f10x_gpio.o(i.GPIO_EXTILineConfig), (64 bytes).
    Removing stm32f10x_gpio.o(i.GPIO_EventOutputCmd), (12 bytes).
    Removing stm32f10x_gpio.o(i.GPIO_EventOutputConfig), (32 bytes).
    Removing stm32f10x_gpio.o(i.GPIO_PinLockConfig), (18 bytes).
    Removing stm32f10x_gpio.o(i.GPIO_PinRemapConfig), (144 bytes).
    Removing stm32f10x_gpio.o(i.GPIO_ReadInputData), (8 bytes).
    Removing stm32f10x_gpio.o(i.GPIO_ReadInputDataBit), (18 bytes).
    Removing stm32f10x_gpio.o(i.GPIO_ReadOutputData), (8 bytes).
    Removing stm32f10x_gpio.o(i.GPIO_ReadOutputDataBit), (18 bytes).
    Removing stm32f10x_gpio.o(i.GPIO_ResetBits), (4 bytes).
    Removing stm32f10x_gpio.o(i.GPIO_SetBits), (4 bytes).
    Removing stm32f10x_gpio.o(i.GPIO_StructInit), (16 bytes).
    Removing stm32f10x_gpio.o(i.GPIO_Write), (4 bytes).
    Removing stm32f10x_i2c.o(.rev16_text), (4 bytes).
    Removing stm32f10x_i2c.o(.revsh_text), (4 bytes).
    Removing stm32f10x_i2c.o(.rrx_text), (6 bytes).
    Removing stm32f10x_i2c.o(i.I2C_ARPCmd), (24 bytes).
    Removing stm32f10x_i2c.o(i.I2C_AcknowledgeConfig), (24 bytes).
    Removing stm32f10x_i2c.o(i.I2C_CalculatePEC), (24 bytes).
    Removing stm32f10x_i2c.o(i.I2C_CheckEvent), (42 bytes).
    Removing stm32f10x_i2c.o(i.I2C_ClearFlag), (12 bytes).
    Removing stm32f10x_i2c.o(i.I2C_ClearITPendingBit), (12 bytes).
    Removing stm32f10x_i2c.o(i.I2C_Cmd), (24 bytes).
    Removing stm32f10x_i2c.o(i.I2C_DMACmd), (24 bytes).
    Removing stm32f10x_i2c.o(i.I2C_DMALastTransferCmd), (24 bytes).
    Removing stm32f10x_i2c.o(i.I2C_DeInit), (56 bytes).
    Removing stm32f10x_i2c.o(i.I2C_DualAddressCmd), (24 bytes).
    Removing stm32f10x_i2c.o(i.I2C_FastModeDutyCycleConfig), (28 bytes).
    Removing stm32f10x_i2c.o(i.I2C_GeneralCallCmd), (24 bytes).
    Removing stm32f10x_i2c.o(i.I2C_GenerateSTART), (24 bytes).
    Removing stm32f10x_i2c.o(i.I2C_GenerateSTOP), (24 bytes).
    Removing stm32f10x_i2c.o(i.I2C_GetFlagStatus), (58 bytes).
    Removing stm32f10x_i2c.o(i.I2C_GetITStatus), (38 bytes).
    Removing stm32f10x_i2c.o(i.I2C_GetLastEvent), (26 bytes).
    Removing stm32f10x_i2c.o(i.I2C_GetPEC), (8 bytes).
    Removing stm32f10x_i2c.o(i.I2C_ITConfig), (18 bytes).
    Removing stm32f10x_i2c.o(i.I2C_Init), (236 bytes).
    Removing stm32f10x_i2c.o(i.I2C_NACKPositionConfig), (28 bytes).
    Removing stm32f10x_i2c.o(i.I2C_OwnAddress2Config), (22 bytes).
    Removing stm32f10x_i2c.o(i.I2C_PECPositionConfig), (28 bytes).
    Removing stm32f10x_i2c.o(i.I2C_ReadRegister), (22 bytes).
    Removing stm32f10x_i2c.o(i.I2C_ReceiveData), (8 bytes).
    Removing stm32f10x_i2c.o(i.I2C_SMBusAlertConfig), (28 bytes).
    Removing stm32f10x_i2c.o(i.I2C_Send7bitAddress), (18 bytes).
    Removing stm32f10x_i2c.o(i.I2C_SendData), (4 bytes).
    Removing stm32f10x_i2c.o(i.I2C_SoftwareResetCmd), (22 bytes).
    Removing stm32f10x_i2c.o(i.I2C_StretchClockCmd), (24 bytes).
    Removing stm32f10x_i2c.o(i.I2C_StructInit), (30 bytes).
    Removing stm32f10x_i2c.o(i.I2C_TransmitPEC), (24 bytes).
    Removing stm32f10x_iwdg.o(.rev16_text), (4 bytes).
    Removing stm32f10x_iwdg.o(.revsh_text), (4 bytes).
    Removing stm32f10x_iwdg.o(.rrx_text), (6 bytes).
    Removing stm32f10x_iwdg.o(i.IWDG_Enable), (16 bytes).
    Removing stm32f10x_iwdg.o(i.IWDG_GetFlagStatus), (24 bytes).
    Removing stm32f10x_iwdg.o(i.IWDG_ReloadCounter), (16 bytes).
    Removing stm32f10x_iwdg.o(i.IWDG_SetPrescaler), (12 bytes).
    Removing stm32f10x_iwdg.o(i.IWDG_SetReload), (12 bytes).
    Removing stm32f10x_iwdg.o(i.IWDG_WriteAccessCmd), (12 bytes).
    Removing stm32f10x_pwr.o(.rev16_text), (4 bytes).
    Removing stm32f10x_pwr.o(.revsh_text), (4 bytes).
    Removing stm32f10x_pwr.o(.rrx_text), (6 bytes).
    Removing stm32f10x_pwr.o(i.PWR_BackupAccessCmd), (12 bytes).
    Removing stm32f10x_pwr.o(i.PWR_ClearFlag), (20 bytes).
    Removing stm32f10x_pwr.o(i.PWR_DeInit), (22 bytes).
    Removing stm32f10x_pwr.o(i.PWR_EnterSTANDBYMode), (40 bytes).
    Removing stm32f10x_pwr.o(i.PWR_EnterSTOPMode), (64 bytes).
    Removing stm32f10x_pwr.o(i.PWR_GetFlagStatus), (24 bytes).
    Removing stm32f10x_pwr.o(i.PWR_PVDCmd), (12 bytes).
    Removing stm32f10x_pwr.o(i.PWR_PVDLevelConfig), (24 bytes).
    Removing stm32f10x_pwr.o(i.PWR_WakeUpPinCmd), (12 bytes).
    Removing stm32f10x_rcc.o(.rev16_text), (4 bytes).
    Removing stm32f10x_rcc.o(.revsh_text), (4 bytes).
    Removing stm32f10x_rcc.o(.rrx_text), (6 bytes).
    Removing stm32f10x_rcc.o(i.RCC_ADCCLKConfig), (24 bytes).
    Removing stm32f10x_rcc.o(i.RCC_AHBPeriphClockCmd), (32 bytes).
    Removing stm32f10x_rcc.o(i.RCC_APB1PeriphClockCmd), (32 bytes).
    Removing stm32f10x_rcc.o(i.RCC_APB1PeriphResetCmd), (32 bytes).
    Removing stm32f10x_rcc.o(i.RCC_APB2PeriphResetCmd), (32 bytes).
    Removing stm32f10x_rcc.o(i.RCC_AdjustHSICalibrationValue), (24 bytes).
    Removing stm32f10x_rcc.o(i.RCC_BackupResetCmd), (12 bytes).
    Removing stm32f10x_rcc.o(i.RCC_ClearFlag), (20 bytes).
    Removing stm32f10x_rcc.o(i.RCC_ClearITPendingBit), (12 bytes).
    Removing stm32f10x_rcc.o(i.RCC_ClockSecuritySystemCmd), (12 bytes).
    Removing stm32f10x_rcc.o(i.RCC_DeInit), (76 bytes).
    Removing stm32f10x_rcc.o(i.RCC_GetFlagStatus), (60 bytes).
    Removing stm32f10x_rcc.o(i.RCC_GetITStatus), (24 bytes).
    Removing stm32f10x_rcc.o(i.RCC_GetSYSCLKSource), (16 bytes).
    Removing stm32f10x_rcc.o(i.RCC_HCLKConfig), (24 bytes).
    Removing stm32f10x_rcc.o(i.RCC_HSEConfig), (76 bytes).
    Removing stm32f10x_rcc.o(i.RCC_HSICmd), (12 bytes).
    Removing stm32f10x_rcc.o(i.RCC_ITConfig), (32 bytes).
    Removing stm32f10x_rcc.o(i.RCC_LSEConfig), (52 bytes).
    Removing stm32f10x_rcc.o(i.RCC_LSICmd), (12 bytes).
    Removing stm32f10x_rcc.o(i.RCC_MCOConfig), (12 bytes).
    Removing stm32f10x_rcc.o(i.RCC_PCLK1Config), (24 bytes).
    Removing stm32f10x_rcc.o(i.RCC_PCLK2Config), (24 bytes).
    Removing stm32f10x_rcc.o(i.RCC_PLLCmd), (12 bytes).
    Removing stm32f10x_rcc.o(i.RCC_PLLConfig), (28 bytes).
    Removing stm32f10x_rcc.o(i.RCC_RTCCLKCmd), (12 bytes).
    Removing stm32f10x_rcc.o(i.RCC_RTCCLKConfig), (16 bytes).
    Removing stm32f10x_rcc.o(i.RCC_SYSCLKConfig), (24 bytes).
    Removing stm32f10x_rcc.o(i.RCC_USBCLKConfig), (12 bytes).
    Removing stm32f10x_rcc.o(i.RCC_WaitForHSEStartUp), (56 bytes).
    Removing stm32f10x_rtc.o(.rev16_text), (4 bytes).
    Removing stm32f10x_rtc.o(.revsh_text), (4 bytes).
    Removing stm32f10x_rtc.o(.rrx_text), (6 bytes).
    Removing stm32f10x_rtc.o(i.RTC_ClearFlag), (16 bytes).
    Removing stm32f10x_rtc.o(i.RTC_ClearITPendingBit), (16 bytes).
    Removing stm32f10x_rtc.o(i.RTC_EnterConfigMode), (20 bytes).
    Removing stm32f10x_rtc.o(i.RTC_ExitConfigMode), (20 bytes).
    Removing stm32f10x_rtc.o(i.RTC_GetCounter), (44 bytes).
    Removing stm32f10x_rtc.o(i.RTC_GetDivider), (24 bytes).
    Removing stm32f10x_rtc.o(i.RTC_GetFlagStatus), (24 bytes).
    Removing stm32f10x_rtc.o(i.RTC_GetITStatus), (36 bytes).
    Removing stm32f10x_rtc.o(i.RTC_ITConfig), (32 bytes).
    Removing stm32f10x_rtc.o(i.RTC_SetAlarm), (28 bytes).
    Removing stm32f10x_rtc.o(i.RTC_SetCounter), (28 bytes).
    Removing stm32f10x_rtc.o(i.RTC_SetPrescaler), (32 bytes).
    Removing stm32f10x_rtc.o(i.RTC_WaitForLastTask), (20 bytes).
    Removing stm32f10x_rtc.o(i.RTC_WaitForSynchro), (36 bytes).
    Removing stm32f10x_sdio.o(.rev16_text), (4 bytes).
    Removing stm32f10x_sdio.o(.revsh_text), (4 bytes).
    Removing stm32f10x_sdio.o(.rrx_text), (6 bytes).
    Removing stm32f10x_sdio.o(i.SDIO_CEATAITCmd), (16 bytes).
    Removing stm32f10x_sdio.o(i.SDIO_ClearFlag), (12 bytes).
    Removing stm32f10x_sdio.o(i.SDIO_ClearITPendingBit), (12 bytes).
    Removing stm32f10x_sdio.o(i.SDIO_ClockCmd), (12 bytes).
    Removing stm32f10x_sdio.o(i.SDIO_CmdStructInit), (14 bytes).
    Removing stm32f10x_sdio.o(i.SDIO_CommandCompletionCmd), (12 bytes).
    Removing stm32f10x_sdio.o(i.SDIO_DMACmd), (12 bytes).
    Removing stm32f10x_sdio.o(i.SDIO_DataConfig), (48 bytes).
    Removing stm32f10x_sdio.o(i.SDIO_DataStructInit), (20 bytes).
    Removing stm32f10x_sdio.o(i.SDIO_DeInit), (36 bytes).
    Removing stm32f10x_sdio.o(i.SDIO_GetCommandResponse), (12 bytes).
    Removing stm32f10x_sdio.o(i.SDIO_GetDataCounter), (12 bytes).
    Removing stm32f10x_sdio.o(i.SDIO_GetFIFOCount), (12 bytes).
    Removing stm32f10x_sdio.o(i.SDIO_GetFlagStatus), (24 bytes).
    Removing stm32f10x_sdio.o(i.SDIO_GetITStatus), (24 bytes).
    Removing stm32f10x_sdio.o(i.SDIO_GetPowerState), (16 bytes).
    Removing stm32f10x_sdio.o(i.SDIO_GetResponse), (24 bytes).
    Removing stm32f10x_sdio.o(i.SDIO_ITConfig), (32 bytes).
    Removing stm32f10x_sdio.o(i.SDIO_Init), (48 bytes).
    Removing stm32f10x_sdio.o(i.SDIO_ReadData), (12 bytes).
    Removing stm32f10x_sdio.o(i.SDIO_SendCEATACmd), (12 bytes).
    Removing stm32f10x_sdio.o(i.SDIO_SendCommand), (44 bytes).
    Removing stm32f10x_sdio.o(i.SDIO_SendSDIOSuspendCmd), (12 bytes).
    Removing stm32f10x_sdio.o(i.SDIO_SetPowerState), (12 bytes).
    Removing stm32f10x_sdio.o(i.SDIO_SetSDIOOperation), (12 bytes).
    Removing stm32f10x_sdio.o(i.SDIO_SetSDIOReadWaitMode), (12 bytes).
    Removing stm32f10x_sdio.o(i.SDIO_StartSDIOReadWait), (12 bytes).
    Removing stm32f10x_sdio.o(i.SDIO_StopSDIOReadWait), (12 bytes).
    Removing stm32f10x_sdio.o(i.SDIO_StructInit), (16 bytes).
    Removing stm32f10x_sdio.o(i.SDIO_WriteData), (12 bytes).
    Removing stm32f10x_spi.o(.rev16_text), (4 bytes).
    Removing stm32f10x_spi.o(.revsh_text), (4 bytes).
    Removing stm32f10x_spi.o(.rrx_text), (6 bytes).
    Removing stm32f10x_spi.o(i.I2S_Cmd), (24 bytes).
    Removing stm32f10x_spi.o(i.I2S_Init), (232 bytes).
    Removing stm32f10x_spi.o(i.I2S_StructInit), (20 bytes).
    Removing stm32f10x_spi.o(i.SPI_BiDirectionalLineConfig), (28 bytes).
    Removing stm32f10x_spi.o(i.SPI_CalculateCRC), (24 bytes).
    Removing stm32f10x_spi.o(i.SPI_Cmd), (24 bytes).
    Removing stm32f10x_spi.o(i.SPI_DataSizeConfig), (18 bytes).
    Removing stm32f10x_spi.o(i.SPI_GetCRC), (16 bytes).
    Removing stm32f10x_spi.o(i.SPI_GetCRCPolynomial), (6 bytes).
    Removing stm32f10x_spi.o(i.SPI_I2S_ClearFlag), (6 bytes).
    Removing stm32f10x_spi.o(i.SPI_I2S_ClearITPendingBit), (20 bytes).
    Removing stm32f10x_spi.o(i.SPI_I2S_DMACmd), (18 bytes).
    Removing stm32f10x_spi.o(i.SPI_I2S_DeInit), (88 bytes).
    Removing stm32f10x_spi.o(i.SPI_I2S_GetFlagStatus), (18 bytes).
    Removing stm32f10x_spi.o(i.SPI_I2S_GetITStatus), (52 bytes).
    Removing stm32f10x_spi.o(i.SPI_I2S_ITConfig), (32 bytes).
    Removing stm32f10x_spi.o(i.SPI_I2S_ReceiveData), (6 bytes).
    Removing stm32f10x_spi.o(i.SPI_I2S_SendData), (4 bytes).
    Removing stm32f10x_spi.o(i.SPI_Init), (60 bytes).
    Removing stm32f10x_spi.o(i.SPI_NSSInternalSoftwareConfig), (30 bytes).
    Removing stm32f10x_spi.o(i.SPI_SSOutputCmd), (24 bytes).
    Removing stm32f10x_spi.o(i.SPI_StructInit), (24 bytes).
    Removing stm32f10x_spi.o(i.SPI_TransmitCRC), (10 bytes).
    Removing stm32f10x_tim.o(.rev16_text), (4 bytes).
    Removing stm32f10x_tim.o(.revsh_text), (4 bytes).
    Removing stm32f10x_tim.o(.rrx_text), (6 bytes).
    Removing stm32f10x_tim.o(i.TIM_ARRPreloadConfig), (24 bytes).
    Removing stm32f10x_tim.o(i.TIM_BDTRConfig), (32 bytes).
    Removing stm32f10x_tim.o(i.TIM_BDTRStructInit), (18 bytes).
    Removing stm32f10x_tim.o(i.TIM_CCPreloadControl), (24 bytes).
    Removing stm32f10x_tim.o(i.TIM_CCxCmd), (30 bytes).
    Removing stm32f10x_tim.o(i.TIM_CCxNCmd), (30 bytes).
    Removing stm32f10x_tim.o(i.TIM_ClearITPendingBit), (6 bytes).
    Removing stm32f10x_tim.o(i.TIM_ClearOC1Ref), (18 bytes).
    Removing stm32f10x_tim.o(i.TIM_ClearOC2Ref), (24 bytes).
    Removing stm32f10x_tim.o(i.TIM_ClearOC3Ref), (18 bytes).
    Removing stm32f10x_tim.o(i.TIM_ClearOC4Ref), (24 bytes).
    Removing stm32f10x_tim.o(i.TIM_CounterModeConfig), (18 bytes).
    Removing stm32f10x_tim.o(i.TIM_CtrlPWMOutputs), (30 bytes).
    Removing stm32f10x_tim.o(i.TIM_DMACmd), (18 bytes).
    Removing stm32f10x_tim.o(i.TIM_DMAConfig), (10 bytes).
    Removing stm32f10x_tim.o(i.TIM_DeInit), (488 bytes).
    Removing stm32f10x_tim.o(i.TIM_ETRClockMode1Config), (54 bytes).
    Removing stm32f10x_tim.o(i.TIM_ETRClockMode2Config), (32 bytes).
    Removing stm32f10x_tim.o(i.TIM_ETRConfig), (28 bytes).
    Removing stm32f10x_tim.o(i.TIM_EncoderInterfaceConfig), (66 bytes).
    Removing stm32f10x_tim.o(i.TIM_ForcedOC1Config), (18 bytes).
    Removing stm32f10x_tim.o(i.TIM_ForcedOC2Config), (26 bytes).
    Removing stm32f10x_tim.o(i.TIM_ForcedOC3Config), (18 bytes).
    Removing stm32f10x_tim.o(i.TIM_ForcedOC4Config), (26 bytes).
    Removing stm32f10x_tim.o(i.TIM_GenerateEvent), (4 bytes).
    Removing stm32f10x_tim.o(i.TIM_GetCapture3), (6 bytes).
    Removing stm32f10x_tim.o(i.TIM_GetCapture4), (8 bytes).
    Removing stm32f10x_tim.o(i.TIM_GetCounter), (6 bytes).
    Removing stm32f10x_tim.o(i.TIM_GetITStatus), (34 bytes).
    Removing stm32f10x_tim.o(i.TIM_GetPrescaler), (6 bytes).
    Removing stm32f10x_tim.o(i.TIM_ICStructInit), (18 bytes).
    Removing stm32f10x_tim.o(i.TIM_ITConfig), (18 bytes).
    Removing stm32f10x_tim.o(i.TIM_ITRxExternalClockConfig), (24 bytes).
    Removing stm32f10x_tim.o(i.TIM_InternalClockConfig), (12 bytes).
    Removing stm32f10x_tim.o(i.TIM_OC1FastConfig), (18 bytes).
    Removing stm32f10x_tim.o(i.TIM_OC1Init), (152 bytes).
    Removing stm32f10x_tim.o(i.TIM_OC1NPolarityConfig), (18 bytes).
    Removing stm32f10x_tim.o(i.TIM_OC1PolarityConfig), (18 bytes).
    Removing stm32f10x_tim.o(i.TIM_OC1PreloadConfig), (18 bytes).
    Removing stm32f10x_tim.o(i.TIM_OC2FastConfig), (26 bytes).
    Removing stm32f10x_tim.o(i.TIM_OC2Init), (164 bytes).
    Removing stm32f10x_tim.o(i.TIM_OC2NPolarityConfig), (26 bytes).
    Removing stm32f10x_tim.o(i.TIM_OC2PolarityConfig), (26 bytes).
    Removing stm32f10x_tim.o(i.TIM_OC2PreloadConfig), (26 bytes).
    Removing stm32f10x_tim.o(i.TIM_OC3FastConfig), (18 bytes).
    Removing stm32f10x_tim.o(i.TIM_OC3Init), (160 bytes).
    Removing stm32f10x_tim.o(i.TIM_OC3NPolarityConfig), (26 bytes).
    Removing stm32f10x_tim.o(i.TIM_OC3PolarityConfig), (26 bytes).
    Removing stm32f10x_tim.o(i.TIM_OC3PreloadConfig), (18 bytes).
    Removing stm32f10x_tim.o(i.TIM_OC4FastConfig), (26 bytes).
    Removing stm32f10x_tim.o(i.TIM_OC4Init), (124 bytes).
    Removing stm32f10x_tim.o(i.TIM_OC4PolarityConfig), (26 bytes).
    Removing stm32f10x_tim.o(i.TIM_OC4PreloadConfig), (26 bytes).
    Removing stm32f10x_tim.o(i.TIM_OCStructInit), (20 bytes).
    Removing stm32f10x_tim.o(i.TIM_PWMIConfig), (124 bytes).
    Removing stm32f10x_tim.o(i.TIM_PrescalerConfig), (6 bytes).
    Removing stm32f10x_tim.o(i.TIM_SelectCCDMA), (24 bytes).
    Removing stm32f10x_tim.o(i.TIM_SelectCOM), (24 bytes).
    Removing stm32f10x_tim.o(i.TIM_SelectHallSensor), (24 bytes).
    Removing stm32f10x_tim.o(i.TIM_SelectInputTrigger), (18 bytes).
    Removing stm32f10x_tim.o(i.TIM_SelectMasterSlaveMode), (18 bytes).
    Removing stm32f10x_tim.o(i.TIM_SelectOCxM), (82 bytes).
    Removing stm32f10x_tim.o(i.TIM_SelectOnePulseMode), (18 bytes).
    Removing stm32f10x_tim.o(i.TIM_SelectOutputTrigger), (18 bytes).
    Removing stm32f10x_tim.o(i.TIM_SelectSlaveMode), (18 bytes).
    Removing stm32f10x_tim.o(i.TIM_SetAutoreload), (4 bytes).
    Removing stm32f10x_tim.o(i.TIM_SetClockDivision), (18 bytes).
    Removing stm32f10x_tim.o(i.TIM_SetCompare1), (4 bytes).
    Removing stm32f10x_tim.o(i.TIM_SetCompare2), (4 bytes).
    Removing stm32f10x_tim.o(i.TIM_SetCompare3), (4 bytes).
    Removing stm32f10x_tim.o(i.TIM_SetCompare4), (6 bytes).
    Removing stm32f10x_tim.o(i.TIM_TIxExternalClockConfig), (62 bytes).
    Removing stm32f10x_tim.o(i.TIM_TimeBaseStructInit), (18 bytes).
    Removing stm32f10x_tim.o(i.TIM_UpdateDisableConfig), (24 bytes).
    Removing stm32f10x_tim.o(i.TIM_UpdateRequestConfig), (24 bytes).
    Removing stm32f10x_usart.o(.rev16_text), (4 bytes).
    Removing stm32f10x_usart.o(.revsh_text), (4 bytes).
    Removing stm32f10x_usart.o(.rrx_text), (6 bytes).
    Removing stm32f10x_usart.o(i.USART_ClearFlag), (18 bytes).
    Removing stm32f10x_usart.o(i.USART_ClearITPendingBit), (30 bytes).
    Removing stm32f10x_usart.o(i.USART_ClockInit), (34 bytes).
    Removing stm32f10x_usart.o(i.USART_ClockStructInit), (12 bytes).
    Removing stm32f10x_usart.o(i.USART_DMACmd), (18 bytes).
    Removing stm32f10x_usart.o(i.USART_DeInit), (156 bytes).
    Removing stm32f10x_usart.o(i.USART_GetITStatus), (84 bytes).
    Removing stm32f10x_usart.o(i.USART_HalfDuplexCmd), (24 bytes).
    Removing stm32f10x_usart.o(i.USART_ITConfig), (74 bytes).
    Removing stm32f10x_usart.o(i.USART_IrDACmd), (24 bytes).
    Removing stm32f10x_usart.o(i.USART_IrDAConfig), (18 bytes).
    Removing stm32f10x_usart.o(i.USART_LINBreakDetectLengthConfig), (18 bytes).
    Removing stm32f10x_usart.o(i.USART_LINCmd), (24 bytes).
    Removing stm32f10x_usart.o(i.USART_OneBitMethodCmd), (24 bytes).
    Removing stm32f10x_usart.o(i.USART_OverSampling8Cmd), (22 bytes).
    Removing stm32f10x_usart.o(i.USART_ReceiveData), (10 bytes).
    Removing stm32f10x_usart.o(i.USART_ReceiverWakeUpCmd), (24 bytes).
    Removing stm32f10x_usart.o(i.USART_SendBreak), (10 bytes).
    Removing stm32f10x_usart.o(i.USART_SetAddress), (18 bytes).
    Removing stm32f10x_usart.o(i.USART_SetGuardTime), (16 bytes).
    Removing stm32f10x_usart.o(i.USART_SetPrescaler), (16 bytes).
    Removing stm32f10x_usart.o(i.USART_SmartCardCmd), (24 bytes).
    Removing stm32f10x_usart.o(i.USART_SmartCardNACKCmd), (24 bytes).
    Removing stm32f10x_usart.o(i.USART_StructInit), (24 bytes).
    Removing stm32f10x_usart.o(i.USART_WakeUpConfig), (18 bytes).
    Removing stm32f10x_wwdg.o(.rev16_text), (4 bytes).
    Removing stm32f10x_wwdg.o(.revsh_text), (4 bytes).
    Removing stm32f10x_wwdg.o(.rrx_text), (6 bytes).
    Removing stm32f10x_wwdg.o(i.WWDG_ClearFlag), (12 bytes).
    Removing stm32f10x_wwdg.o(i.WWDG_DeInit), (22 bytes).
    Removing stm32f10x_wwdg.o(i.WWDG_Enable), (16 bytes).
    Removing stm32f10x_wwdg.o(i.WWDG_EnableIT), (12 bytes).
    Removing stm32f10x_wwdg.o(i.WWDG_GetFlagStatus), (12 bytes).
    Removing stm32f10x_wwdg.o(i.WWDG_SetCounter), (16 bytes).
    Removing stm32f10x_wwdg.o(i.WWDG_SetPrescaler), (24 bytes).
    Removing stm32f10x_wwdg.o(i.WWDG_SetWindowValue), (40 bytes).
    Removing delay.o(.rev16_text), (4 bytes).
    Removing delay.o(.revsh_text), (4 bytes).
    Removing delay.o(.rrx_text), (6 bytes).
    Removing delay.o(i.GetTick), (12 bytes).
    Removing usart.o(.rev16_text), (4 bytes).
    Removing usart.o(.revsh_text), (4 bytes).
    Removing usart.o(.rrx_text), (6 bytes).
    Removing usart.o(i.My_USART_ReceiveByte), (28 bytes).
    Removing usart.o(i.My_USART_ReceiveBytes), (92 bytes).
    Removing usart.o(i.My_USART_ReceiveLine), (208 bytes).
    Removing usart.o(i.My_USART_SendByte), (16 bytes).
    Removing usart.o(i.My_USART_SendChar), (16 bytes).

541 unused section(s) (total 22346 bytes) removed from the image.

==============================================================================

Image Symbol Table

    Local Symbols

    Symbol Name                              Value     Ov Type        Size  Object(Section)

    ../clib/microlib/division.c              0x00000000   Number         0  uldiv.o ABSOLUTE
    ../clib/microlib/division.c              0x00000000   Number         0  uidiv.o ABSOLUTE
    ../clib/microlib/init/entry.s            0x00000000   Number         0  entry10b.o ABSOLUTE
    ../clib/microlib/init/entry.s            0x00000000   Number         0  entry11a.o ABSOLUTE
    ../clib/microlib/init/entry.s            0x00000000   Number         0  entry11b.o ABSOLUTE
    ../clib/microlib/init/entry.s            0x00000000   Number         0  entry12a.o ABSOLUTE
    ../clib/microlib/init/entry.s            0x00000000   Number         0  entry.o ABSOLUTE
    ../clib/microlib/init/entry.s            0x00000000   Number         0  entry12b.o ABSOLUTE
    ../clib/microlib/init/entry.s            0x00000000   Number         0  entry10a.o ABSOLUTE
    ../clib/microlib/init/entry.s            0x00000000   Number         0  entry2.o ABSOLUTE
    ../clib/microlib/init/entry.s            0x00000000   Number         0  entry7a.o ABSOLUTE
    ../clib/microlib/init/entry.s            0x00000000   Number         0  entry7b.o ABSOLUTE
    ../clib/microlib/init/entry.s            0x00000000   Number         0  entry8a.o ABSOLUTE
    ../clib/microlib/init/entry.s            0x00000000   Number         0  entry8b.o ABSOLUTE
    ../clib/microlib/init/entry.s            0x00000000   Number         0  entry9a.o ABSOLUTE
    ../clib/microlib/init/entry.s            0x00000000   Number         0  entry5.o ABSOLUTE
    ../clib/microlib/init/entry.s            0x00000000   Number         0  entry9b.o ABSOLUTE
    ../clib/microlib/longlong.c              0x00000000   Number         0  llsshr.o ABSOLUTE
    ../clib/microlib/longlong.c              0x00000000   Number         0  llushr.o ABSOLUTE
    ../clib/microlib/longlong.c              0x00000000   Number         0  llshl.o ABSOLUTE
    ../clib/microlib/printf/printf.c         0x00000000   Number         0  printfa.o ABSOLUTE
    ../clib/microlib/stdio/fputc.c           0x00000000   Number         0  fputc.o ABSOLUTE
    ../clib/microlib/stdio/semi.s            0x00000000   Number         0  semi.o ABSOLUTE
    ../clib/microlib/stdio/streams.c         0x00000000   Number         0  stdout.o ABSOLUTE
    ../clib/microlib/string/memset.c         0x00000000   Number         0  memseta.o ABSOLUTE
    ../clib/microlib/string/strlen.c         0x00000000   Number         0  strlen.o ABSOLUTE
    ../clib/microlib/stubs.s                 0x00000000   Number         0  iusesemip.o ABSOLUTE
    ../clib/microlib/stubs.s                 0x00000000   Number         0  iusefp.o ABSOLUTE
    ../fplib/microlib/f2d.c                  0x00000000   Number         0  f2d.o ABSOLUTE
    ../fplib/microlib/fpadd.c                0x00000000   Number         0  dadd.o ABSOLUTE
    ../fplib/microlib/fpdiv.c                0x00000000   Number         0  ddiv.o ABSOLUTE
    ../fplib/microlib/fpdiv.c                0x00000000   Number         0  fdiv.o ABSOLUTE
    ../fplib/microlib/fpepilogue.c           0x00000000   Number         0  depilogue.o ABSOLUTE
    ../fplib/microlib/fpepilogue.c           0x00000000   Number         0  fepilogue.o ABSOLUTE
    ../fplib/microlib/fpfix.c                0x00000000   Number         0  dfixul.o ABSOLUTE
    ../fplib/microlib/fpflt.c                0x00000000   Number         0  fflti.o ABSOLUTE
    ../fplib/microlib/fpmul.c                0x00000000   Number         0  dmul.o ABSOLUTE
    ../fplib/microlib/fpmul.c                0x00000000   Number         0  fmul.o ABSOLUTE
    cdrcmple.s                               0x00000000   Number         0  cdrcmple.o ABSOLUTE
    dc.s                                     0x00000000   Number         0  dc.o ABSOLUTE
    handlers.s                               0x00000000   Number         0  handlers.o ABSOLUTE
    init.s                                   0x00000000   Number         0  init.o ABSOLUTE
    my_lib\\delay.c                          0x00000000   Number         0  delay.o ABSOLUTE
    my_lib\\usart.c                          0x00000000   Number         0  usart.o ABSOLUTE
    my_lib\delay.c                           0x00000000   Number         0  delay.o ABSOLUTE
    my_lib\usart.c                           0x00000000   Number         0  usart.o ABSOLUTE
    startup\startup_stm32f10x_md.s           0x00000000   Number         0  startup_stm32f10x_md.o ABSOLUTE
    std_periph_driver\\src\\misc.c           0x00000000   Number         0  misc.o ABSOLUTE
    std_periph_driver\\src\\stm32f10x_adc.c  0x00000000   Number         0  stm32f10x_adc.o ABSOLUTE
    std_periph_driver\\src\\stm32f10x_bkp.c  0x00000000   Number         0  stm32f10x_bkp.o ABSOLUTE
    std_periph_driver\\src\\stm32f10x_can.c  0x00000000   Number         0  stm32f10x_can.o ABSOLUTE
    std_periph_driver\\src\\stm32f10x_cec.c  0x00000000   Number         0  stm32f10x_cec.o ABSOLUTE
    std_periph_driver\\src\\stm32f10x_crc.c  0x00000000   Number         0  stm32f10x_crc.o ABSOLUTE
    std_periph_driver\\src\\stm32f10x_dac.c  0x00000000   Number         0  stm32f10x_dac.o ABSOLUTE
    std_periph_driver\\src\\stm32f10x_dbgmcu.c 0x00000000   Number         0  stm32f10x_dbgmcu.o ABSOLUTE
    std_periph_driver\\src\\stm32f10x_dma.c  0x00000000   Number         0  stm32f10x_dma.o ABSOLUTE
    std_periph_driver\\src\\stm32f10x_exti.c 0x00000000   Number         0  stm32f10x_exti.o ABSOLUTE
    std_periph_driver\\src\\stm32f10x_flash.c 0x00000000   Number         0  stm32f10x_flash.o ABSOLUTE
    std_periph_driver\\src\\stm32f10x_fsmc.c 0x00000000   Number         0  stm32f10x_fsmc.o ABSOLUTE
    std_periph_driver\\src\\stm32f10x_gpio.c 0x00000000   Number         0  stm32f10x_gpio.o ABSOLUTE
    std_periph_driver\\src\\stm32f10x_i2c.c  0x00000000   Number         0  stm32f10x_i2c.o ABSOLUTE
    std_periph_driver\\src\\stm32f10x_iwdg.c 0x00000000   Number         0  stm32f10x_iwdg.o ABSOLUTE
    std_periph_driver\\src\\stm32f10x_pwr.c  0x00000000   Number         0  stm32f10x_pwr.o ABSOLUTE
    std_periph_driver\\src\\stm32f10x_rcc.c  0x00000000   Number         0  stm32f10x_rcc.o ABSOLUTE
    std_periph_driver\\src\\stm32f10x_rtc.c  0x00000000   Number         0  stm32f10x_rtc.o ABSOLUTE
    std_periph_driver\\src\\stm32f10x_sdio.c 0x00000000   Number         0  stm32f10x_sdio.o ABSOLUTE
    std_periph_driver\\src\\stm32f10x_spi.c  0x00000000   Number         0  stm32f10x_spi.o ABSOLUTE
    std_periph_driver\\src\\stm32f10x_tim.c  0x00000000   Number         0  stm32f10x_tim.o ABSOLUTE
    std_periph_driver\\src\\stm32f10x_usart.c 0x00000000   Number         0  stm32f10x_usart.o ABSOLUTE
    std_periph_driver\\src\\stm32f10x_wwdg.c 0x00000000   Number         0  stm32f10x_wwdg.o ABSOLUTE
    std_periph_driver\src\misc.c             0x00000000   Number         0  misc.o ABSOLUTE
    std_periph_driver\src\stm32f10x_adc.c    0x00000000   Number         0  stm32f10x_adc.o ABSOLUTE
    std_periph_driver\src\stm32f10x_bkp.c    0x00000000   Number         0  stm32f10x_bkp.o ABSOLUTE
    std_periph_driver\src\stm32f10x_can.c    0x00000000   Number         0  stm32f10x_can.o ABSOLUTE
    std_periph_driver\src\stm32f10x_cec.c    0x00000000   Number         0  stm32f10x_cec.o ABSOLUTE
    std_periph_driver\src\stm32f10x_crc.c    0x00000000   Number         0  stm32f10x_crc.o ABSOLUTE
    std_periph_driver\src\stm32f10x_dac.c    0x00000000   Number         0  stm32f10x_dac.o ABSOLUTE
    std_periph_driver\src\stm32f10x_dbgmcu.c 0x00000000   Number         0  stm32f10x_dbgmcu.o ABSOLUTE
    std_periph_driver\src\stm32f10x_dma.c    0x00000000   Number         0  stm32f10x_dma.o ABSOLUTE
    std_periph_driver\src\stm32f10x_exti.c   0x00000000   Number         0  stm32f10x_exti.o ABSOLUTE
    std_periph_driver\src\stm32f10x_flash.c  0x00000000   Number         0  stm32f10x_flash.o ABSOLUTE
    std_periph_driver\src\stm32f10x_fsmc.c   0x00000000   Number         0  stm32f10x_fsmc.o ABSOLUTE
    std_periph_driver\src\stm32f10x_gpio.c   0x00000000   Number         0  stm32f10x_gpio.o ABSOLUTE
    std_periph_driver\src\stm32f10x_i2c.c    0x00000000   Number         0  stm32f10x_i2c.o ABSOLUTE
    std_periph_driver\src\stm32f10x_iwdg.c   0x00000000   Number         0  stm32f10x_iwdg.o ABSOLUTE
    std_periph_driver\src\stm32f10x_pwr.c    0x00000000   Number         0  stm32f10x_pwr.o ABSOLUTE
    std_periph_driver\src\stm32f10x_rcc.c    0x00000000   Number         0  stm32f10x_rcc.o ABSOLUTE
    std_periph_driver\src\stm32f10x_rtc.c    0x00000000   Number         0  stm32f10x_rtc.o ABSOLUTE
    std_periph_driver\src\stm32f10x_sdio.c   0x00000000   Number         0  stm32f10x_sdio.o ABSOLUTE
    std_periph_driver\src\stm32f10x_spi.c    0x00000000   Number         0  stm32f10x_spi.o ABSOLUTE
    std_periph_driver\src\stm32f10x_tim.c    0x00000000   Number         0  stm32f10x_tim.o ABSOLUTE
    std_periph_driver\src\stm32f10x_usart.c  0x00000000   Number         0  stm32f10x_usart.o ABSOLUTE
    std_periph_driver\src\stm32f10x_wwdg.c   0x00000000   Number         0  stm32f10x_wwdg.o ABSOLUTE
    user\\main.c                             0x00000000   Number         0  main.o ABSOLUTE
    user\\stm32f10x_it.c                     0x00000000   Number         0  stm32f10x_it.o ABSOLUTE
    user\\system_stm32f10x.c                 0x00000000   Number         0  system_stm32f10x.o ABSOLUTE
    user\main.c                              0x00000000   Number         0  main.o ABSOLUTE
    user\stm32f10x_it.c                      0x00000000   Number         0  stm32f10x_it.o ABSOLUTE
    user\system_stm32f10x.c                  0x00000000   Number         0  system_stm32f10x.o ABSOLUTE
    RESET                                    0x08000000   Section      236  startup_stm32f10x_md.o(RESET)
    .ARM.Collect$$$$00000000                 0x080000ec   Section        0  entry.o(.ARM.Collect$$$$00000000)
    .ARM.Collect$$$$00000001                 0x080000ec   Section        4  entry2.o(.ARM.Collect$$$$00000001)
    .ARM.Collect$$$$00000004                 0x080000f0   Section        4  entry5.o(.ARM.Collect$$$$00000004)
    .ARM.Collect$$$$00000008                 0x080000f4   Section        0  entry7b.o(.ARM.Collect$$$$00000008)
    .ARM.Collect$$$$0000000A                 0x080000f4   Section        0  entry8b.o(.ARM.Collect$$$$0000000A)
    .ARM.Collect$$$$0000000B                 0x080000f4   Section        8  entry9a.o(.ARM.Collect$$$$0000000B)
    .ARM.Collect$$$$0000000E                 0x080000fc   Section        4  entry12b.o(.ARM.Collect$$$$0000000E)
    .ARM.Collect$$$$0000000F                 0x08000100   Section        0  entry10a.o(.ARM.Collect$$$$0000000F)
    .ARM.Collect$$$$00000011                 0x08000100   Section        0  entry11a.o(.ARM.Collect$$$$00000011)
    .ARM.Collect$$$$00002712                 0x08000100   Section        4  entry2.o(.ARM.Collect$$$$00002712)
    __lit__00000000                          0x08000100   Data           4  entry2.o(.ARM.Collect$$$$00002712)
    .text                                    0x08000104   Section       36  startup_stm32f10x_md.o(.text)
    .text                                    0x08000128   Section        0  memseta.o(.text)
    .text                                    0x0800014c   Section        0  strlen.o(.text)
    .text                                    0x0800015a   Section        0  fmul.o(.text)
    .text                                    0x080001be   Section        0  fdiv.o(.text)
    .text                                    0x0800023a   Section        0  fflti.o(.text)
    .text                                    0x0800024c   Section        0  f2d.o(.text)
    .text                                    0x08000272   Section        0  uidiv.o(.text)
    .text                                    0x0800029e   Section        0  uldiv.o(.text)
    .text                                    0x08000300   Section        0  iusefp.o(.text)
    .text                                    0x08000300   Section        0  fepilogue.o(.text)
    .text                                    0x0800036e   Section        0  dadd.o(.text)
    .text                                    0x080004bc   Section        0  dmul.o(.text)
    .text                                    0x080005a0   Section        0  ddiv.o(.text)
    .text                                    0x0800067e   Section        0  dfixul.o(.text)
    .text                                    0x080006b0   Section       48  cdrcmple.o(.text)
    .text                                    0x080006e0   Section       36  init.o(.text)
    .text                                    0x08000704   Section        0  llshl.o(.text)
    .text                                    0x08000722   Section        0  llushr.o(.text)
    .text                                    0x08000742   Section        0  llsshr.o(.text)
    .text                                    0x08000766   Section        0  depilogue.o(.text)
    i.App_HCSR04_Init                        0x08000820   Section        0  main.o(i.App_HCSR04_Init)
    i.App_USART1_Init                        0x080008ec   Section        0  main.o(i.App_USART1_Init)
    i.BusFault_Handler                       0x08000978   Section        0  stm32f10x_it.o(i.BusFault_Handler)
    i.DebugMon_Handler                       0x0800097c   Section        0  stm32f10x_it.o(i.DebugMon_Handler)
    i.Delay                                  0x08000980   Section        0  delay.o(i.Delay)
    i.Delay_Init                             0x080009a4   Section        0  delay.o(i.Delay_Init)
    i.GPIO_Init                              0x08000a38   Section        0  stm32f10x_gpio.o(i.GPIO_Init)
    i.GPIO_WriteBit                          0x08000b4e   Section        0  stm32f10x_gpio.o(i.GPIO_WriteBit)
    i.HardFault_Handler                      0x08000b58   Section        0  stm32f10x_it.o(i.HardFault_Handler)
    i.MemManage_Handler                      0x08000b5c   Section        0  stm32f10x_it.o(i.MemManage_Handler)
    i.My_USART_Printf                        0x08000b60   Section        0  usart.o(i.My_USART_Printf)
    i.My_USART_SendBytes                     0x08000b8a   Section        0  usart.o(i.My_USART_SendBytes)
    i.My_USART_SendString                    0x08000bce   Section        0  usart.o(i.My_USART_SendString)
    i.NMI_Handler                            0x08000be8   Section        0  stm32f10x_it.o(i.NMI_Handler)
    i.PendSV_Handler                         0x08000bea   Section        0  stm32f10x_it.o(i.PendSV_Handler)
    i.RCC_APB2PeriphClockCmd                 0x08000bec   Section        0  stm32f10x_rcc.o(i.RCC_APB2PeriphClockCmd)
    i.RCC_GetClocksFreq                      0x08000c0c   Section        0  stm32f10x_rcc.o(i.RCC_GetClocksFreq)
    i.SVC_Handler                            0x08000ce0   Section        0  stm32f10x_it.o(i.SVC_Handler)
    i.SetSysClock                            0x08000ce2   Section        0  system_stm32f10x.o(i.SetSysClock)
    SetSysClock                              0x08000ce3   Thumb Code     8  system_stm32f10x.o(i.SetSysClock)
    i.SetSysClockTo72                        0x08000cec   Section        0  system_stm32f10x.o(i.SetSysClockTo72)
    SetSysClockTo72                          0x08000ced   Thumb Code   214  system_stm32f10x.o(i.SetSysClockTo72)
    i.SysTick_Handler                        0x08000dcc   Section        0  stm32f10x_it.o(i.SysTick_Handler)
    i.SystemInit                             0x08000de4   Section        0  system_stm32f10x.o(i.SystemInit)
    i.TI1_Config                             0x08000e44   Section        0  stm32f10x_tim.o(i.TI1_Config)
    TI1_Config                               0x08000e45   Thumb Code   108  stm32f10x_tim.o(i.TI1_Config)
    i.TI2_Config                             0x08000ec4   Section        0  stm32f10x_tim.o(i.TI2_Config)
    TI2_Config                               0x08000ec5   Thumb Code   130  stm32f10x_tim.o(i.TI2_Config)
    i.TI3_Config                             0x08000f5c   Section        0  stm32f10x_tim.o(i.TI3_Config)
    TI3_Config                               0x08000f5d   Thumb Code   122  stm32f10x_tim.o(i.TI3_Config)
    i.TI4_Config                             0x08000fec   Section        0  stm32f10x_tim.o(i.TI4_Config)
    TI4_Config                               0x08000fed   Thumb Code   130  stm32f10x_tim.o(i.TI4_Config)
    i.TIM_ClearFlag                          0x08001084   Section        0  stm32f10x_tim.o(i.TIM_ClearFlag)
    i.TIM_Cmd                                0x0800108a   Section        0  stm32f10x_tim.o(i.TIM_Cmd)
    i.TIM_GetCapture1                        0x080010a2   Section        0  stm32f10x_tim.o(i.TIM_GetCapture1)
    i.TIM_GetCapture2                        0x080010a8   Section        0  stm32f10x_tim.o(i.TIM_GetCapture2)
    i.TIM_GetFlagStatus                      0x080010ae   Section        0  stm32f10x_tim.o(i.TIM_GetFlagStatus)
    i.TIM_ICInit                             0x080010c0   Section        0  stm32f10x_tim.o(i.TIM_ICInit)
    i.TIM_SetCounter                         0x0800116c   Section        0  stm32f10x_tim.o(i.TIM_SetCounter)
    i.TIM_SetIC1Prescaler                    0x08001170   Section        0  stm32f10x_tim.o(i.TIM_SetIC1Prescaler)
    i.TIM_SetIC2Prescaler                    0x08001182   Section        0  stm32f10x_tim.o(i.TIM_SetIC2Prescaler)
    i.TIM_SetIC3Prescaler                    0x0800119c   Section        0  stm32f10x_tim.o(i.TIM_SetIC3Prescaler)
    i.TIM_SetIC4Prescaler                    0x080011ae   Section        0  stm32f10x_tim.o(i.TIM_SetIC4Prescaler)
    i.TIM_TimeBaseInit                       0x080011c8   Section        0  stm32f10x_tim.o(i.TIM_TimeBaseInit)
    i.USART_Cmd                              0x0800126c   Section        0  stm32f10x_usart.o(i.USART_Cmd)
    i.USART_GetFlagStatus                    0x08001284   Section        0  stm32f10x_usart.o(i.USART_GetFlagStatus)
    i.USART_Init                             0x080012a0   Section        0  stm32f10x_usart.o(i.USART_Init)
    i.USART_SendData                         0x08001378   Section        0  stm32f10x_usart.o(i.USART_SendData)
    i.UsageFault_Handler                     0x08001380   Section        0  stm32f10x_it.o(i.UsageFault_Handler)
    i.__0vsprintf                            0x08001384   Section        0  printfa.o(i.__0vsprintf)
    i.__scatterload_copy                     0x080013a8   Section       14  handlers.o(i.__scatterload_copy)
    i.__scatterload_null                     0x080013b6   Section        2  handlers.o(i.__scatterload_null)
    i.__scatterload_zeroinit                 0x080013b8   Section       14  handlers.o(i.__scatterload_zeroinit)
    i._fp_digits                             0x080013c8   Section        0  printfa.o(i._fp_digits)
    _fp_digits                               0x080013c9   Thumb Code   366  printfa.o(i._fp_digits)
    i._printf_core                           0x0800154c   Section        0  printfa.o(i._printf_core)
    _printf_core                             0x0800154d   Thumb Code  1704  printfa.o(i._printf_core)
    i._printf_post_padding                   0x08001c00   Section        0  printfa.o(i._printf_post_padding)
    _printf_post_padding                     0x08001c01   Thumb Code    36  printfa.o(i._printf_post_padding)
    i._printf_pre_padding                    0x08001c24   Section        0  printfa.o(i._printf_pre_padding)
    _printf_pre_padding                      0x08001c25   Thumb Code    46  printfa.o(i._printf_pre_padding)
    i._sputc                                 0x08001c52   Section        0  printfa.o(i._sputc)
    _sputc                                   0x08001c53   Thumb Code    10  printfa.o(i._sputc)
    i.main                                   0x08001c5c   Section        0  main.o(i.main)
    .data                                    0x20000000   Section       20  stm32f10x_rcc.o(.data)
    APBAHBPrescTable                         0x20000000   Data          16  stm32f10x_rcc.o(.data)
    ADCPrescTable                            0x20000010   Data           4  stm32f10x_rcc.o(.data)
    .data                                    0x20000018   Section        8  delay.o(.data)
    STACK                                    0x20000020   Section     4096  startup_stm32f10x_md.o(STACK)

    Global Symbols

    Symbol Name                              Value     Ov Type        Size  Object(Section)

    BuildAttributes$$THM_ISAv4$P$D$K$B$S$PE$A:L22UL41UL21$X:L11$S22US41US21$IEEE1$IW$USESV6$~STKCKD$USESV7$~SHL$OTIME$ROPI$EBA8$MICROLIB$REQ8$PRES8$EABIv2 0x00000000   Number         0  anon$$obj.o ABSOLUTE
    __ARM_use_no_argv                        0x00000000   Number         0  main.o ABSOLUTE
    __arm_fini_                               - Undefined Weak Reference
    __cpp_initialize__aeabi_                  - Undefined Weak Reference
    __cxa_finalize                            - Undefined Weak Reference
    __decompress                              - Undefined Weak Reference
    _clock_init                               - Undefined Weak Reference
    _microlib_exit                            - Undefined Weak Reference
    __Vectors_Size                           0x000000ec   Number         0  startup_stm32f10x_md.o ABSOLUTE
    __Vectors                                0x08000000   Data           4  startup_stm32f10x_md.o(RESET)
    __Vectors_End                            0x080000ec   Data           0  startup_stm32f10x_md.o(RESET)
    __main                                   0x080000ed   Thumb Code     0  entry.o(.ARM.Collect$$$$00000000)
    _main_stk                                0x080000ed   Thumb Code     0  entry2.o(.ARM.Collect$$$$00000001)
    _main_scatterload                        0x080000f1   Thumb Code     0  entry5.o(.ARM.Collect$$$$00000004)
    __main_after_scatterload                 0x080000f5   Thumb Code     0  entry5.o(.ARM.Collect$$$$00000004)
    _main_clock                              0x080000f5   Thumb Code     0  entry7b.o(.ARM.Collect$$$$00000008)
    _main_cpp_init                           0x080000f5   Thumb Code     0  entry8b.o(.ARM.Collect$$$$0000000A)
    _main_init                               0x080000f5   Thumb Code     0  entry9a.o(.ARM.Collect$$$$0000000B)
    __rt_lib_shutdown_fini                   0x080000fd   Thumb Code     0  entry12b.o(.ARM.Collect$$$$0000000E)
    __rt_final_cpp                           0x08000101   Thumb Code     0  entry10a.o(.ARM.Collect$$$$0000000F)
    __rt_final_exit                          0x08000101   Thumb Code     0  entry11a.o(.ARM.Collect$$$$00000011)
    Reset_Handler                            0x08000105   Thumb Code     8  startup_stm32f10x_md.o(.text)
    ADC1_2_IRQHandler                        0x0800011f   Thumb Code     0  startup_stm32f10x_md.o(.text)
    CAN1_RX1_IRQHandler                      0x0800011f   Thumb Code     0  startup_stm32f10x_md.o(.text)
    CAN1_SCE_IRQHandler                      0x0800011f   Thumb Code     0  startup_stm32f10x_md.o(.text)
    DMA1_Channel1_IRQHandler                 0x0800011f   Thumb Code     0  startup_stm32f10x_md.o(.text)
    DMA1_Channel2_IRQHandler                 0x0800011f   Thumb Code     0  startup_stm32f10x_md.o(.text)
    DMA1_Channel3_IRQHandler                 0x0800011f   Thumb Code     0  startup_stm32f10x_md.o(.text)
    DMA1_Channel4_IRQHandler                 0x0800011f   Thumb Code     0  startup_stm32f10x_md.o(.text)
    DMA1_Channel5_IRQHandler                 0x0800011f   Thumb Code     0  startup_stm32f10x_md.o(.text)
    DMA1_Channel6_IRQHandler                 0x0800011f   Thumb Code     0  startup_stm32f10x_md.o(.text)
    DMA1_Channel7_IRQHandler                 0x0800011f   Thumb Code     0  startup_stm32f10x_md.o(.text)
    EXTI0_IRQHandler                         0x0800011f   Thumb Code     0  startup_stm32f10x_md.o(.text)
    EXTI15_10_IRQHandler                     0x0800011f   Thumb Code     0  startup_stm32f10x_md.o(.text)
    EXTI1_IRQHandler                         0x0800011f   Thumb Code     0  startup_stm32f10x_md.o(.text)
    EXTI2_IRQHandler                         0x0800011f   Thumb Code     0  startup_stm32f10x_md.o(.text)
    EXTI3_IRQHandler                         0x0800011f   Thumb Code     0  startup_stm32f10x_md.o(.text)
    EXTI4_IRQHandler                         0x0800011f   Thumb Code     0  startup_stm32f10x_md.o(.text)
    EXTI9_5_IRQHandler                       0x0800011f   Thumb Code     0  startup_stm32f10x_md.o(.text)
    FLASH_IRQHandler                         0x0800011f   Thumb Code     0  startup_stm32f10x_md.o(.text)
    I2C1_ER_IRQHandler                       0x0800011f   Thumb Code     0  startup_stm32f10x_md.o(.text)
    I2C1_EV_IRQHandler                       0x0800011f   Thumb Code     0  startup_stm32f10x_md.o(.text)
    I2C2_ER_IRQHandler                       0x0800011f   Thumb Code     0  startup_stm32f10x_md.o(.text)
    I2C2_EV_IRQHandler                       0x0800011f   Thumb Code     0  startup_stm32f10x_md.o(.text)
    PVD_IRQHandler                           0x0800011f   Thumb Code     0  startup_stm32f10x_md.o(.text)
    RCC_IRQHandler                           0x0800011f   Thumb Code     0  startup_stm32f10x_md.o(.text)
    RTCAlarm_IRQHandler                      0x0800011f   Thumb Code     0  startup_stm32f10x_md.o(.text)
    RTC_IRQHandler                           0x0800011f   Thumb Code     0  startup_stm32f10x_md.o(.text)
    SPI1_IRQHandler                          0x0800011f   Thumb Code     0  startup_stm32f10x_md.o(.text)
    SPI2_IRQHandler                          0x0800011f   Thumb Code     0  startup_stm32f10x_md.o(.text)
    TAMPER_IRQHandler                        0x0800011f   Thumb Code     0  startup_stm32f10x_md.o(.text)
    TIM1_BRK_IRQHandler                      0x0800011f   Thumb Code     0  startup_stm32f10x_md.o(.text)
    TIM1_CC_IRQHandler                       0x0800011f   Thumb Code     0  startup_stm32f10x_md.o(.text)
    TIM1_TRG_COM_IRQHandler                  0x0800011f   Thumb Code     0  startup_stm32f10x_md.o(.text)
    TIM1_UP_IRQHandler                       0x0800011f   Thumb Code     0  startup_stm32f10x_md.o(.text)
    TIM2_IRQHandler                          0x0800011f   Thumb Code     0  startup_stm32f10x_md.o(.text)
    TIM3_IRQHandler                          0x0800011f   Thumb Code     0  startup_stm32f10x_md.o(.text)
    TIM4_IRQHandler                          0x0800011f   Thumb Code     0  startup_stm32f10x_md.o(.text)
    USART1_IRQHandler                        0x0800011f   Thumb Code     0  startup_stm32f10x_md.o(.text)
    USART2_IRQHandler                        0x0800011f   Thumb Code     0  startup_stm32f10x_md.o(.text)
    USART3_IRQHandler                        0x0800011f   Thumb Code     0  startup_stm32f10x_md.o(.text)
    USBWakeUp_IRQHandler                     0x0800011f   Thumb Code     0  startup_stm32f10x_md.o(.text)
    USB_HP_CAN1_TX_IRQHandler                0x0800011f   Thumb Code     0  startup_stm32f10x_md.o(.text)
    USB_LP_CAN1_RX0_IRQHandler               0x0800011f   Thumb Code     0  startup_stm32f10x_md.o(.text)
    WWDG_IRQHandler                          0x0800011f   Thumb Code     0  startup_stm32f10x_md.o(.text)
    __aeabi_memset                           0x08000129   Thumb Code    14  memseta.o(.text)
    __aeabi_memset4                          0x08000129   Thumb Code     0  memseta.o(.text)
    __aeabi_memset8                          0x08000129   Thumb Code     0  memseta.o(.text)
    __aeabi_memclr                           0x08000137   Thumb Code     4  memseta.o(.text)
    __aeabi_memclr4                          0x08000137   Thumb Code     0  memseta.o(.text)
    __aeabi_memclr8                          0x08000137   Thumb Code     0  memseta.o(.text)
    _memset$wrapper                          0x0800013b   Thumb Code    18  memseta.o(.text)
    strlen                                   0x0800014d   Thumb Code    14  strlen.o(.text)
    __aeabi_fmul                             0x0800015b   Thumb Code   100  fmul.o(.text)
    __aeabi_fdiv                             0x080001bf   Thumb Code   124  fdiv.o(.text)
    __aeabi_i2f                              0x0800023b   Thumb Code    18  fflti.o(.text)
    __aeabi_f2d                              0x0800024d   Thumb Code    38  f2d.o(.text)
    __aeabi_uidiv                            0x08000273   Thumb Code     0  uidiv.o(.text)
    __aeabi_uidivmod                         0x08000273   Thumb Code    44  uidiv.o(.text)
    __aeabi_uldivmod                         0x0800029f   Thumb Code    98  uldiv.o(.text)
    __I$use$fp                               0x08000301   Thumb Code     0  iusefp.o(.text)
    _float_round                             0x08000301   Thumb Code    18  fepilogue.o(.text)
    _float_epilogue                          0x08000313   Thumb Code    92  fepilogue.o(.text)
    __aeabi_dadd                             0x0800036f   Thumb Code   322  dadd.o(.text)
    __aeabi_dsub                             0x080004b1   Thumb Code     6  dadd.o(.text)
    __aeabi_drsub                            0x080004b7   Thumb Code     6  dadd.o(.text)
    __aeabi_dmul                             0x080004bd   Thumb Code   228  dmul.o(.text)
    __aeabi_ddiv                             0x080005a1   Thumb Code   222  ddiv.o(.text)
    __aeabi_d2ulz                            0x0800067f   Thumb Code    48  dfixul.o(.text)
    __aeabi_cdrcmple                         0x080006b1   Thumb Code    48  cdrcmple.o(.text)
    __scatterload                            0x080006e1   Thumb Code    28  init.o(.text)
    __scatterload_rt2                        0x080006e1   Thumb Code     0  init.o(.text)
    __aeabi_llsl                             0x08000705   Thumb Code    30  llshl.o(.text)
    _ll_shift_l                              0x08000705   Thumb Code     0  llshl.o(.text)
    __aeabi_llsr                             0x08000723   Thumb Code    32  llushr.o(.text)
    _ll_ushift_r                             0x08000723   Thumb Code     0  llushr.o(.text)
    __aeabi_lasr                             0x08000743   Thumb Code    36  llsshr.o(.text)
    _ll_sshift_r                             0x08000743   Thumb Code     0  llsshr.o(.text)
    _double_round                            0x08000767   Thumb Code    30  depilogue.o(.text)
    _double_epilogue                         0x08000785   Thumb Code   156  depilogue.o(.text)
    App_HCSR04_Init                          0x08000821   Thumb Code   196  main.o(i.App_HCSR04_Init)
    App_USART1_Init                          0x080008ed   Thumb Code   130  main.o(i.App_USART1_Init)
    BusFault_Handler                         0x08000979   Thumb Code     4  stm32f10x_it.o(i.BusFault_Handler)
    DebugMon_Handler                         0x0800097d   Thumb Code     2  stm32f10x_it.o(i.DebugMon_Handler)
    Delay                                    0x08000981   Thumb Code    30  delay.o(i.Delay)
    Delay_Init                               0x080009a5   Thumb Code   138  delay.o(i.Delay_Init)
    GPIO_Init                                0x08000a39   Thumb Code   278  stm32f10x_gpio.o(i.GPIO_Init)
    GPIO_WriteBit                            0x08000b4f   Thumb Code    10  stm32f10x_gpio.o(i.GPIO_WriteBit)
    HardFault_Handler                        0x08000b59   Thumb Code     4  stm32f10x_it.o(i.HardFault_Handler)
    MemManage_Handler                        0x08000b5d   Thumb Code     4  stm32f10x_it.o(i.MemManage_Handler)
    My_USART_Printf                          0x08000b61   Thumb Code    42  usart.o(i.My_USART_Printf)
    My_USART_SendBytes                       0x08000b8b   Thumb Code    68  usart.o(i.My_USART_SendBytes)
    My_USART_SendString                      0x08000bcf   Thumb Code    26  usart.o(i.My_USART_SendString)
    NMI_Handler                              0x08000be9   Thumb Code     2  stm32f10x_it.o(i.NMI_Handler)
    PendSV_Handler                           0x08000beb   Thumb Code     2  stm32f10x_it.o(i.PendSV_Handler)
    RCC_APB2PeriphClockCmd                   0x08000bed   Thumb Code    26  stm32f10x_rcc.o(i.RCC_APB2PeriphClockCmd)
    RCC_GetClocksFreq                        0x08000c0d   Thumb Code   192  stm32f10x_rcc.o(i.RCC_GetClocksFreq)
    SVC_Handler                              0x08000ce1   Thumb Code     2  stm32f10x_it.o(i.SVC_Handler)
    SysTick_Handler                          0x08000dcd   Thumb Code    20  stm32f10x_it.o(i.SysTick_Handler)
    SystemInit                               0x08000de5   Thumb Code    78  system_stm32f10x.o(i.SystemInit)
    TIM_ClearFlag                            0x08001085   Thumb Code     6  stm32f10x_tim.o(i.TIM_ClearFlag)
    TIM_Cmd                                  0x0800108b   Thumb Code    24  stm32f10x_tim.o(i.TIM_Cmd)
    TIM_GetCapture1                          0x080010a3   Thumb Code     6  stm32f10x_tim.o(i.TIM_GetCapture1)
    TIM_GetCapture2                          0x080010a9   Thumb Code     6  stm32f10x_tim.o(i.TIM_GetCapture2)
    TIM_GetFlagStatus                        0x080010af   Thumb Code    18  stm32f10x_tim.o(i.TIM_GetFlagStatus)
    TIM_ICInit                               0x080010c1   Thumb Code   150  stm32f10x_tim.o(i.TIM_ICInit)
    TIM_SetCounter                           0x0800116d   Thumb Code     4  stm32f10x_tim.o(i.TIM_SetCounter)
    TIM_SetIC1Prescaler                      0x08001171   Thumb Code    18  stm32f10x_tim.o(i.TIM_SetIC1Prescaler)
    TIM_SetIC2Prescaler                      0x08001183   Thumb Code    26  stm32f10x_tim.o(i.TIM_SetIC2Prescaler)
    TIM_SetIC3Prescaler                      0x0800119d   Thumb Code    18  stm32f10x_tim.o(i.TIM_SetIC3Prescaler)
    TIM_SetIC4Prescaler                      0x080011af   Thumb Code    26  stm32f10x_tim.o(i.TIM_SetIC4Prescaler)
    TIM_TimeBaseInit                         0x080011c9   Thumb Code   122  stm32f10x_tim.o(i.TIM_TimeBaseInit)
    USART_Cmd                                0x0800126d   Thumb Code    24  stm32f10x_usart.o(i.USART_Cmd)
    USART_GetFlagStatus                      0x08001285   Thumb Code    26  stm32f10x_usart.o(i.USART_GetFlagStatus)
    USART_Init                               0x080012a1   Thumb Code   210  stm32f10x_usart.o(i.USART_Init)
    USART_SendData                           0x08001379   Thumb Code     8  stm32f10x_usart.o(i.USART_SendData)
    UsageFault_Handler                       0x08001381   Thumb Code     4  stm32f10x_it.o(i.UsageFault_Handler)
    __0vsprintf                              0x08001385   Thumb Code    30  printfa.o(i.__0vsprintf)
    __1vsprintf                              0x08001385   Thumb Code     0  printfa.o(i.__0vsprintf)
    __2vsprintf                              0x08001385   Thumb Code     0  printfa.o(i.__0vsprintf)
    __c89vsprintf                            0x08001385   Thumb Code     0  printfa.o(i.__0vsprintf)
    vsprintf                                 0x08001385   Thumb Code     0  printfa.o(i.__0vsprintf)
    __scatterload_copy                       0x080013a9   Thumb Code    14  handlers.o(i.__scatterload_copy)
    __scatterload_null                       0x080013b7   Thumb Code     2  handlers.o(i.__scatterload_null)
    __scatterload_zeroinit                   0x080013b9   Thumb Code    14  handlers.o(i.__scatterload_zeroinit)
    main                                     0x08001c5d   Thumb Code   204  main.o(i.main)
    Region$$Table$$Base                      0x08001d64   Number         0  anon$$obj.o(Region$$Table)
    Region$$Table$$Limit                     0x08001d84   Number         0  anon$$obj.o(Region$$Table)
    ulTicks                                  0x20000018   Data           8  delay.o(.data)
    __initial_sp                             0x20001020   Data           0  startup_stm32f10x_md.o(STACK)



==============================================================================

Memory Map of the image

  Image Entry point : 0x080000ed

  Load Region LR_IROM1 (Base: 0x08000000, Size: 0x00001da4, Max: 0x00010000, ABSOLUTE)

    Execution Region ER_IROM1 (Exec base: 0x08000000, Load base: 0x08000000, Size: 0x00001d84, Max: 0x00010000, ABSOLUTE)

    Exec Addr    Load Addr    Size         Type   Attr      Idx    E Section Name        Object

    0x08000000   0x08000000   0x000000ec   Data   RO          262    RESET               startup_stm32f10x_md.o
    0x080000ec   0x080000ec   0x00000000   Code   RO         3631  * .ARM.Collect$$$$00000000  mc_w.l(entry.o)
    0x080000ec   0x080000ec   0x00000004   Code   RO         3674    .ARM.Collect$$$$00000001  mc_w.l(entry2.o)
    0x080000f0   0x080000f0   0x00000004   Code   RO         3677    .ARM.Collect$$$$00000004  mc_w.l(entry5.o)
    0x080000f4   0x080000f4   0x00000000   Code   RO         3679    .ARM.Collect$$$$00000008  mc_w.l(entry7b.o)
    0x080000f4   0x080000f4   0x00000000   Code   RO         3681    .ARM.Collect$$$$0000000A  mc_w.l(entry8b.o)
    0x080000f4   0x080000f4   0x00000008   Code   RO         3682    .ARM.Collect$$$$0000000B  mc_w.l(entry9a.o)
    0x080000fc   0x080000fc   0x00000004   Code   RO         3689    .ARM.Collect$$$$0000000E  mc_w.l(entry12b.o)
    0x08000100   0x08000100   0x00000000   Code   RO         3684    .ARM.Collect$$$$0000000F  mc_w.l(entry10a.o)
    0x08000100   0x08000100   0x00000000   Code   RO         3686    .ARM.Collect$$$$00000011  mc_w.l(entry11a.o)
    0x08000100   0x08000100   0x00000004   Code   RO         3675    .ARM.Collect$$$$00002712  mc_w.l(entry2.o)
    0x08000104   0x08000104   0x00000024   Code   RO          263    .text               startup_stm32f10x_md.o
    0x08000128   0x08000128   0x00000024   Code   RO         3634    .text               mc_w.l(memseta.o)
    0x0800014c   0x0800014c   0x0000000e   Code   RO         3636    .text               mc_w.l(strlen.o)
    0x0800015a   0x0800015a   0x00000064   Code   RO         3666    .text               mf_w.l(fmul.o)
    0x080001be   0x080001be   0x0000007c   Code   RO         3668    .text               mf_w.l(fdiv.o)
    0x0800023a   0x0800023a   0x00000012   Code   RO         3670    .text               mf_w.l(fflti.o)
    0x0800024c   0x0800024c   0x00000026   Code   RO         3672    .text               mf_w.l(f2d.o)
    0x08000272   0x08000272   0x0000002c   Code   RO         3693    .text               mc_w.l(uidiv.o)
    0x0800029e   0x0800029e   0x00000062   Code   RO         3695    .text               mc_w.l(uldiv.o)
    0x08000300   0x08000300   0x00000000   Code   RO         3697    .text               mc_w.l(iusefp.o)
    0x08000300   0x08000300   0x0000006e   Code   RO         3698    .text               mf_w.l(fepilogue.o)
    0x0800036e   0x0800036e   0x0000014e   Code   RO         3700    .text               mf_w.l(dadd.o)
    0x080004bc   0x080004bc   0x000000e4   Code   RO         3702    .text               mf_w.l(dmul.o)
    0x080005a0   0x080005a0   0x000000de   Code   RO         3704    .text               mf_w.l(ddiv.o)
    0x0800067e   0x0800067e   0x00000030   Code   RO         3706    .text               mf_w.l(dfixul.o)
    0x080006ae   0x080006ae   0x00000002   PAD
    0x080006b0   0x080006b0   0x00000030   Code   RO         3708    .text               mf_w.l(cdrcmple.o)
    0x080006e0   0x080006e0   0x00000024   Code   RO         3710    .text               mc_w.l(init.o)
    0x08000704   0x08000704   0x0000001e   Code   RO         3713    .text               mc_w.l(llshl.o)
    0x08000722   0x08000722   0x00000020   Code   RO         3715    .text               mc_w.l(llushr.o)
    0x08000742   0x08000742   0x00000024   Code   RO         3717    .text               mc_w.l(llsshr.o)
    0x08000766   0x08000766   0x000000ba   Code   RO         3720    .text               mf_w.l(depilogue.o)
    0x08000820   0x08000820   0x000000cc   Code   RO            4    i.App_HCSR04_Init   main.o
    0x080008ec   0x080008ec   0x0000008c   Code   RO            5    i.App_USART1_Init   main.o
    0x08000978   0x08000978   0x00000004   Code   RO          187    i.BusFault_Handler  stm32f10x_it.o
    0x0800097c   0x0800097c   0x00000002   Code   RO          188    i.DebugMon_Handler  stm32f10x_it.o
    0x0800097e   0x0800097e   0x00000002   PAD
    0x08000980   0x08000980   0x00000024   Code   RO         3513    i.Delay             delay.o
    0x080009a4   0x080009a4   0x00000094   Code   RO         3514    i.Delay_Init        delay.o
    0x08000a38   0x08000a38   0x00000116   Code   RO         1565    i.GPIO_Init         stm32f10x_gpio.o
    0x08000b4e   0x08000b4e   0x0000000a   Code   RO         1576    i.GPIO_WriteBit     stm32f10x_gpio.o
    0x08000b58   0x08000b58   0x00000004   Code   RO          189    i.HardFault_Handler  stm32f10x_it.o
    0x08000b5c   0x08000b5c   0x00000004   Code   RO          190    i.MemManage_Handler  stm32f10x_it.o
    0x08000b60   0x08000b60   0x0000002a   Code   RO         3555    i.My_USART_Printf   usart.o
    0x08000b8a   0x08000b8a   0x00000044   Code   RO         3560    i.My_USART_SendBytes  usart.o
    0x08000bce   0x08000bce   0x0000001a   Code   RO         3562    i.My_USART_SendString  usart.o
    0x08000be8   0x08000be8   0x00000002   Code   RO          191    i.NMI_Handler       stm32f10x_it.o
    0x08000bea   0x08000bea   0x00000002   Code   RO          192    i.PendSV_Handler    stm32f10x_it.o
    0x08000bec   0x08000bec   0x00000020   Code   RO         2031    i.RCC_APB2PeriphClockCmd  stm32f10x_rcc.o
    0x08000c0c   0x08000c0c   0x000000d4   Code   RO         2039    i.RCC_GetClocksFreq  stm32f10x_rcc.o
    0x08000ce0   0x08000ce0   0x00000002   Code   RO          193    i.SVC_Handler       stm32f10x_it.o
    0x08000ce2   0x08000ce2   0x00000008   Code   RO          141    i.SetSysClock       system_stm32f10x.o
    0x08000cea   0x08000cea   0x00000002   PAD
    0x08000cec   0x08000cec   0x000000e0   Code   RO          142    i.SetSysClockTo72   system_stm32f10x.o
    0x08000dcc   0x08000dcc   0x00000018   Code   RO          194    i.SysTick_Handler   stm32f10x_it.o
    0x08000de4   0x08000de4   0x00000060   Code   RO          144    i.SystemInit        system_stm32f10x.o
    0x08000e44   0x08000e44   0x00000080   Code   RO         2695    i.TI1_Config        stm32f10x_tim.o
    0x08000ec4   0x08000ec4   0x00000098   Code   RO         2696    i.TI2_Config        stm32f10x_tim.o
    0x08000f5c   0x08000f5c   0x00000090   Code   RO         2697    i.TI3_Config        stm32f10x_tim.o
    0x08000fec   0x08000fec   0x00000098   Code   RO         2698    i.TI4_Config        stm32f10x_tim.o
    0x08001084   0x08001084   0x00000006   Code   RO         2705    i.TIM_ClearFlag     stm32f10x_tim.o
    0x0800108a   0x0800108a   0x00000018   Code   RO         2711    i.TIM_Cmd           stm32f10x_tim.o
    0x080010a2   0x080010a2   0x00000006   Code   RO         2726    i.TIM_GetCapture1   stm32f10x_tim.o
    0x080010a8   0x080010a8   0x00000006   Code   RO         2727    i.TIM_GetCapture2   stm32f10x_tim.o
    0x080010ae   0x080010ae   0x00000012   Code   RO         2731    i.TIM_GetFlagStatus  stm32f10x_tim.o
    0x080010c0   0x080010c0   0x000000ac   Code   RO         2734    i.TIM_ICInit        stm32f10x_tim.o
    0x0800116c   0x0800116c   0x00000004   Code   RO         2776    i.TIM_SetCounter    stm32f10x_tim.o
    0x08001170   0x08001170   0x00000012   Code   RO         2777    i.TIM_SetIC1Prescaler  stm32f10x_tim.o
    0x08001182   0x08001182   0x0000001a   Code   RO         2778    i.TIM_SetIC2Prescaler  stm32f10x_tim.o
    0x0800119c   0x0800119c   0x00000012   Code   RO         2779    i.TIM_SetIC3Prescaler  stm32f10x_tim.o
    0x080011ae   0x080011ae   0x0000001a   Code   RO         2780    i.TIM_SetIC4Prescaler  stm32f10x_tim.o
    0x080011c8   0x080011c8   0x000000a4   Code   RO         2782    i.TIM_TimeBaseInit  stm32f10x_tim.o
    0x0800126c   0x0800126c   0x00000018   Code   RO         3259    i.USART_Cmd         stm32f10x_usart.o
    0x08001284   0x08001284   0x0000001a   Code   RO         3262    i.USART_GetFlagStatus  stm32f10x_usart.o
    0x0800129e   0x0800129e   0x00000002   PAD
    0x080012a0   0x080012a0   0x000000d8   Code   RO         3266    i.USART_Init        stm32f10x_usart.o
    0x08001378   0x08001378   0x00000008   Code   RO         3276    i.USART_SendData    stm32f10x_usart.o
    0x08001380   0x08001380   0x00000004   Code   RO          195    i.UsageFault_Handler  stm32f10x_it.o
    0x08001384   0x08001384   0x00000024   Code   RO         3645    i.__0vsprintf       mc_w.l(printfa.o)
    0x080013a8   0x080013a8   0x0000000e   Code   RO         3724    i.__scatterload_copy  mc_w.l(handlers.o)
    0x080013b6   0x080013b6   0x00000002   Code   RO         3725    i.__scatterload_null  mc_w.l(handlers.o)
    0x080013b8   0x080013b8   0x0000000e   Code   RO         3726    i.__scatterload_zeroinit  mc_w.l(handlers.o)
    0x080013c6   0x080013c6   0x00000002   PAD
    0x080013c8   0x080013c8   0x00000184   Code   RO         3646    i._fp_digits        mc_w.l(printfa.o)
    0x0800154c   0x0800154c   0x000006b4   Code   RO         3647    i._printf_core      mc_w.l(printfa.o)
    0x08001c00   0x08001c00   0x00000024   Code   RO         3648    i._printf_post_padding  mc_w.l(printfa.o)
    0x08001c24   0x08001c24   0x0000002e   Code   RO         3649    i._printf_pre_padding  mc_w.l(printfa.o)
    0x08001c52   0x08001c52   0x0000000a   Code   RO         3651    i._sputc            mc_w.l(printfa.o)
    0x08001c5c   0x08001c5c   0x00000108   Code   RO            6    i.main              main.o
    0x08001d64   0x08001d64   0x00000020   Data   RO         3722    Region$$Table       anon$$obj.o


    Execution Region RW_IRAM1 (Exec base: 0x20000000, Load base: 0x08001d84, Size: 0x00001020, Max: 0x00005000, ABSOLUTE)

    Exec Addr    Load Addr    Size         Type   Attr      Idx    E Section Name        Object

    0x20000000   0x08001d84   0x00000014   Data   RW         2059    .data               stm32f10x_rcc.o
    0x20000014   0x08001d98   0x00000004   PAD
    0x20000018   0x08001d9c   0x00000008   Data   RW         3516    .data               delay.o
    0x20000020        -       0x00001000   Zero   RW          260    STACK               startup_stm32f10x_md.o


==============================================================================

Image component sizes


      Code (inc. data)   RO Data    RW Data    ZI Data      Debug   Object Name

       184         16          0          8          0       1587   delay.o
       608         78          0          0          0     253995   main.o
        36          8        236          0       4096        784   startup_stm32f10x_md.o
       288          0          0          0          0       2608   stm32f10x_gpio.o
        48          4          0          0          0       3674   stm32f10x_it.o
       244         26          0         20          0       3921   stm32f10x_rcc.o
      1064        150          0          0          0      10295   stm32f10x_tim.o
       274          6          0          0          0       4056   stm32f10x_usart.o
       328         28          0          0          0       1921   system_stm32f10x.o
       136          0          0          0          0       2961   usart.o

    ----------------------------------------------------------------------
      3216        316        268         32       4096     285802   Object Totals
         0          0         32          0          0          0   (incl. Generated)
         6          0          0          4          0          0   (incl. Padding)

    ----------------------------------------------------------------------

      Code (inc. data)   RO Data    RW Data    ZI Data      Debug   Library Member Name

         0          0          0          0          0          0   entry.o
         0          0          0          0          0          0   entry10a.o
         0          0          0          0          0          0   entry11a.o
         4          0          0          0          0          0   entry12b.o
         8          4          0          0          0          0   entry2.o
         4          0          0          0          0          0   entry5.o
         0          0          0          0          0          0   entry7b.o
         0          0          0          0          0          0   entry8b.o
         8          4          0          0          0          0   entry9a.o
        30          0          0          0          0          0   handlers.o
        36          8          0          0          0         68   init.o
         0          0          0          0          0          0   iusefp.o
        30          0          0          0          0         68   llshl.o
        36          0          0          0          0         68   llsshr.o
        32          0          0          0          0         68   llushr.o
        36          0          0          0          0        108   memseta.o
      2232         86          0          0          0        528   printfa.o
        14          0          0          0          0         68   strlen.o
        44          0          0          0          0         80   uidiv.o
        98          0          0          0          0         92   uldiv.o
        48          0          0          0          0         68   cdrcmple.o
       334          0          0          0          0        148   dadd.o
       222          0          0          0          0        100   ddiv.o
       186          0          0          0          0        176   depilogue.o
        48          0          0          0          0         68   dfixul.o
       228          0          0          0          0         96   dmul.o
        38          0          0          0          0         68   f2d.o
       124          0          0          0          0         88   fdiv.o
       110          0          0          0          0        168   fepilogue.o
        18          0          0          0          0         68   fflti.o
       100          0          0          0          0         76   fmul.o

    ----------------------------------------------------------------------
      4072        102          0          0          0       2272   Library Totals
         4          0          0          0          0          0   (incl. Padding)

    ----------------------------------------------------------------------

      Code (inc. data)   RO Data    RW Data    ZI Data      Debug   Library Name

      2612        102          0          0          0       1148   mc_w.l
      1456          0          0          0          0       1124   mf_w.l

    ----------------------------------------------------------------------
      4072        102          0          0          0       2272   Library Totals

    ----------------------------------------------------------------------

==============================================================================


      Code (inc. data)   RO Data    RW Data    ZI Data      Debug   

      7288        418        268         32       4096     284950   Grand Totals
      7288        418        268         32       4096     284950   ELF Image Totals
      7288        418        268         32          0          0   ROM Totals

==============================================================================

    Total RO  Size (Code + RO Data)                 7556 (   7.38kB)
    Total RW  Size (RW Data + ZI Data)              4128 (   4.03kB)
    Total ROM Size (Code + RO Data + RW Data)       7588 (   7.41kB)

==============================================================================

